
[ROOT CONFTEST] pytest_configure called
[ROOT CONFTEST] Importing minimal models...
[ROOT CONFTEST] Base.metadata.tables: ['account_links', 'account_info', 'audit_logs', 'users', 'entitlement_types', 'user_entitlements', 'stripe_events', 'trades', 'positions', 'equity_points', 'validation_logs', 'endorsements', 'user_trust_scores', 'trust_calculation_logs']
============================= test session starts =============================
platform win32 -- Python 3.11.9, pytest-8.4.2, pluggy-1.6.0 -- C:\Users\FCumm\NewTeleBotFinal\.venv\Scripts\python.exe
cachedir: .pytest_cache
rootdir: C:\Users\FCumm\NewTeleBotFinal\backend
configfile: pytest.ini
plugins: anyio-4.11.0, locust-2.42.0, asyncio-1.2.0, cov-7.0.0, mock-3.15.1, sugar-1.1.1, timeout-2.4.0
asyncio: mode=Mode.STRICT, debug=False, asyncio_default_fixture_loop_scope=None, asyncio_default_test_loop_scope=function
timeout: 60.0s
timeout method: thread
timeout func_only: False
collecting ... collected 1 item

backend\tests\test_pr_044_endpoints.py::test_create_alert_endpoint_valid FAILED [100%]

================================== FAILURES ===================================
C:\Users\FCumm\NewTeleBotFinal\backend\tests\test_pr_044_endpoints.py:43: assert 404 == 201
============================== warnings summary ===============================
backend\app\accounts\service.py:49
  C:\Users\FCumm\NewTeleBotFinal\backend\app\accounts\service.py:49: PydanticDeprecatedSince20: Support for class-based `config` is deprecated, use ConfigDict instead. Deprecated in Pydantic V2.0 to be removed in V3.0. See Pydantic V2 Migration Guide at https://errors.pydantic.dev/2.12/migration/
    class AccountLinkOut(BaseModel):

backend\app\accounts\service.py:63
  C:\Users\FCumm\NewTeleBotFinal\backend\app\accounts\service.py:63: PydanticDeprecatedSince20: Support for class-based `config` is deprecated, use ConfigDict instead. Deprecated in Pydantic V2.0 to be removed in V3.0. See Pydantic V2 Migration Guide at https://errors.pydantic.dev/2.12/migration/
    class AccountInfoOut(BaseModel):

backend\app\alerts\service.py:565
  C:\Users\FCumm\NewTeleBotFinal\backend\app\alerts\service.py:565: PydanticDeprecatedSince20: Pydantic V1 style `@validator` validators are deprecated. You should migrate to Pydantic V2 style `@field_validator` validators, see the migration guide for more details. Deprecated in Pydantic V2.0 to be removed in V3.0. See Pydantic V2 Migration Guide at https://errors.pydantic.dev/2.12/migration/
    @validator("symbol")

backend\app\alerts\service.py:581
  C:\Users\FCumm\NewTeleBotFinal\backend\app\alerts\service.py:581: PydanticDeprecatedSince20: Support for class-based `config` is deprecated, use ConfigDict instead. Deprecated in Pydantic V2.0 to be removed in V3.0. See Pydantic V2 Migration Guide at https://errors.pydantic.dev/2.12/migration/
    class AlertOut(BaseModel):

tests/test_pr_044_endpoints.py::test_create_alert_endpoint_valid
  C:\Users\FCumm\NewTeleBotFinal\backend\app\affiliates\schema.py:8: PydanticDeprecatedSince20: Support for class-based `config` is deprecated, use ConfigDict instead. Deprecated in Pydantic V2.0 to be removed in V3.0. See Pydantic V2 Migration Guide at https://errors.pydantic.dev/2.12/migration/
    class AffiliateOut(BaseModel):

tests/test_pr_044_endpoints.py::test_create_alert_endpoint_valid
  C:\Users\FCumm\NewTeleBotFinal\backend\app\affiliates\schema.py:27: PydanticDeprecatedSince20: Support for class-based `config` is deprecated, use ConfigDict instead. Deprecated in Pydantic V2.0 to be removed in V3.0. See Pydantic V2 Migration Guide at https://errors.pydantic.dev/2.12/migration/
    class ReferralOut(BaseModel):

tests/test_pr_044_endpoints.py::test_create_alert_endpoint_valid
  C:\Users\FCumm\NewTeleBotFinal\backend\app\affiliates\schema.py:43: PydanticDeprecatedSince20: Support for class-based `config` is deprecated, use ConfigDict instead. Deprecated in Pydantic V2.0 to be removed in V3.0. See Pydantic V2 Migration Guide at https://errors.pydantic.dev/2.12/migration/
    class CommissionOut(BaseModel):

tests/test_pr_044_endpoints.py::test_create_alert_endpoint_valid
  C:\Users\FCumm\NewTeleBotFinal\backend\app\affiliates\schema.py:69: PydanticDeprecatedSince20: Support for class-based `config` is deprecated, use ConfigDict instead. Deprecated in Pydantic V2.0 to be removed in V3.0. See Pydantic V2 Migration Guide at https://errors.pydantic.dev/2.12/migration/
    class PayoutOut(BaseModel):

tests/test_pr_044_endpoints.py::test_create_alert_endpoint_valid
  C:\Users\FCumm\NewTeleBotFinal\backend\app\approvals\schema.py:21: PydanticDeprecatedSince20: Support for class-based `config` is deprecated, use ConfigDict instead. Deprecated in Pydantic V2.0 to be removed in V3.0. See Pydantic V2 Migration Guide at https://errors.pydantic.dev/2.12/migration/
    class ApprovalOut(BaseModel):

tests/test_pr_044_endpoints.py::test_create_alert_endpoint_valid
tests/test_pr_044_endpoints.py::test_create_alert_endpoint_valid
tests/test_pr_044_endpoints.py::test_create_alert_endpoint_valid
tests/test_pr_044_endpoints.py::test_create_alert_endpoint_valid
tests/test_pr_044_endpoints.py::test_create_alert_endpoint_valid
tests/test_pr_044_endpoints.py::test_create_alert_endpoint_valid
  C:\Users\FCumm\NewTeleBotFinal\.venv\Lib\site-packages\pydantic\_internal\_generate_schema.py:319: PydanticDeprecatedSince20: `json_encoders` is deprecated. See https://docs.pydantic.dev/2.12/concepts/serialization/#custom-serializers for alternatives. Deprecated in Pydantic V2.0 to be removed in V3.0. See Pydantic V2 Migration Guide at https://errors.pydantic.dev/2.12/migration/
    warnings.warn(

tests/test_pr_044_endpoints.py::test_create_alert_endpoint_valid
  C:\Users\FCumm\NewTeleBotFinal\backend\app\approvals\schema.py:43: PydanticDeprecatedSince20: Support for class-based `config` is deprecated, use ConfigDict instead. Deprecated in Pydantic V2.0 to be removed in V3.0. See Pydantic V2 Migration Guide at https://errors.pydantic.dev/2.12/migration/
    class PendingApprovalOut(BaseModel):

tests/test_pr_044_endpoints.py::test_create_alert_endpoint_valid
  C:\Users\FCumm\NewTeleBotFinal\backend\app\signals\schema.py:61: PydanticDeprecatedSince20: Pydantic V1 style `@validator` validators are deprecated. You should migrate to Pydantic V2 style `@field_validator` validators, see the migration guide for more details. Deprecated in Pydantic V2.0 to be removed in V3.0. See Pydantic V2 Migration Guide at https://errors.pydantic.dev/2.12/migration/
    @validator("instrument")

tests/test_pr_044_endpoints.py::test_create_alert_endpoint_valid
  C:\Users\FCumm\NewTeleBotFinal\backend\app\signals\schema.py:81: PydanticDeprecatedSince20: Pydantic V1 style `@validator` validators are deprecated. You should migrate to Pydantic V2 style `@field_validator` validators, see the migration guide for more details. Deprecated in Pydantic V2.0 to be removed in V3.0. See Pydantic V2 Migration Guide at https://errors.pydantic.dev/2.12/migration/
    @validator("payload")

tests/test_pr_044_endpoints.py::test_create_alert_endpoint_valid
  C:\Users\FCumm\NewTeleBotFinal\backend\app\signals\schema.py:21: PydanticDeprecatedSince20: Support for class-based `config` is deprecated, use ConfigDict instead. Deprecated in Pydantic V2.0 to be removed in V3.0. See Pydantic V2 Migration Guide at https://errors.pydantic.dev/2.12/migration/
    class SignalCreate(BaseModel):

tests/test_pr_044_endpoints.py::test_create_alert_endpoint_valid
  C:\Users\FCumm\NewTeleBotFinal\backend\app\signals\schema.py:108: PydanticDeprecatedSince20: Support for class-based `config` is deprecated, use ConfigDict instead. Deprecated in Pydantic V2.0 to be removed in V3.0. See Pydantic V2 Migration Guide at https://errors.pydantic.dev/2.12/migration/
    class SignalOut(BaseModel):

tests/test_pr_044_endpoints.py::test_create_alert_endpoint_valid
  C:\Users\FCumm\NewTeleBotFinal\backend\app\clients\devices\schema.py:16: PydanticDeprecatedSince20: Support for class-based `config` is deprecated, use ConfigDict instead. Deprecated in Pydantic V2.0 to be removed in V3.0. See Pydantic V2 Migration Guide at https://errors.pydantic.dev/2.12/migration/
    class DeviceOut(BaseModel):

tests/test_pr_044_endpoints.py::test_create_alert_endpoint_valid
  C:\Users\FCumm\NewTeleBotFinal\backend\app\clients\exec\schema.py:34: PydanticDeprecatedSince20: Support for class-based `config` is deprecated, use ConfigDict instead. Deprecated in Pydantic V2.0 to be removed in V3.0. See Pydantic V2 Migration Guide at https://errors.pydantic.dev/2.12/migration/
    class ExecutionRecordOut(BaseModel):

tests/test_pr_044_endpoints.py::test_create_alert_endpoint_valid
  C:\Users\FCumm\NewTeleBotFinal\backend\app\telegram\schema.py:27: PydanticDeprecatedSince20: Support for class-based `config` is deprecated, use ConfigDict instead. Deprecated in Pydantic V2.0 to be removed in V3.0. See Pydantic V2 Migration Guide at https://errors.pydantic.dev/2.12/migration/
    class TelegramMessage(BaseModel):

tests/test_pr_044_endpoints.py::test_create_alert_endpoint_valid
  C:\Users\FCumm\NewTeleBotFinal\backend\app\telegram\schema.py:42: PydanticDeprecatedSince20: Support for class-based `config` is deprecated, use ConfigDict instead. Deprecated in Pydantic V2.0 to be removed in V3.0. See Pydantic V2 Migration Guide at https://errors.pydantic.dev/2.12/migration/
    class TelegramCallback(BaseModel):

tests/test_pr_044_endpoints.py::test_create_alert_endpoint_valid
  C:\Users\FCumm\NewTeleBotFinal\backend\app\billing\pricing\routes.py:30: PydanticDeprecatedSince20: Support for class-based `config` is deprecated, use ConfigDict instead. Deprecated in Pydantic V2.0 to be removed in V3.0. See Pydantic V2 Migration Guide at https://errors.pydantic.dev/2.12/migration/
    class QuoteResponse(BaseModel):

tests/test_pr_044_endpoints.py::test_create_alert_endpoint_valid
  C:\Users\FCumm\NewTeleBotFinal\backend\app\billing\pricing\routes.py:55: PydanticDeprecatedSince20: Support for class-based `config` is deprecated, use ConfigDict instead. Deprecated in Pydantic V2.0 to be removed in V3.0. See Pydantic V2 Migration Guide at https://errors.pydantic.dev/2.12/migration/
    class ComparisonResponse(BaseModel):

tests/test_pr_044_endpoints.py::test_create_alert_endpoint_valid
  C:\Users\FCumm\NewTeleBotFinal\backend\app\billing\pricing\routes.py:79: PydanticDeprecatedSince20: Support for class-based `config` is deprecated, use ConfigDict instead. Deprecated in Pydantic V2.0 to be removed in V3.0. See Pydantic V2 Migration Guide at https://errors.pydantic.dev/2.12/migration/
    class AllQuotesResponse(BaseModel):

tests/test_pr_044_endpoints.py::test_create_alert_endpoint_valid
  C:\Users\FCumm\NewTeleBotFinal\backend\app\billing\pricing\routes.py:102: PydanticDeprecatedSince20: Support for class-based `config` is deprecated, use ConfigDict instead. Deprecated in Pydantic V2.0 to be removed in V3.0. See Pydantic V2 Migration Guide at https://errors.pydantic.dev/2.12/migration/
    class ValidationResponse(BaseModel):

tests/test_pr_044_endpoints.py::test_create_alert_endpoint_valid
  C:\Users\FCumm\NewTeleBotFinal\backend\app\ea\close_schemas.py:12: PydanticDeprecatedSince20: Support for class-based `config` is deprecated, use ConfigDict instead. Deprecated in Pydantic V2.0 to be removed in V3.0. See Pydantic V2 Migration Guide at https://errors.pydantic.dev/2.12/migration/
    class CloseCommandOut(BaseModel):

tests/test_pr_044_endpoints.py::test_create_alert_endpoint_valid
  C:\Users\FCumm\NewTeleBotFinal\backend\app\ea\schemas.py:20: PydanticDeprecatedSince20: Support for class-based `config` is deprecated, use ConfigDict instead. Deprecated in Pydantic V2.0 to be removed in V3.0. See Pydantic V2 Migration Guide at https://errors.pydantic.dev/2.12/migration/
    class ExecutionParamsOut(BaseModel):

tests/test_pr_044_endpoints.py::test_create_alert_endpoint_valid
  C:\Users\FCumm\NewTeleBotFinal\backend\app\ea\schemas.py:48: PydanticDeprecatedSince20: Support for class-based `config` is deprecated, use ConfigDict instead. Deprecated in Pydantic V2.0 to be removed in V3.0. See Pydantic V2 Migration Guide at https://errors.pydantic.dev/2.12/migration/
    class ApprovedSignalOut(BaseModel):

tests/test_pr_044_endpoints.py::test_create_alert_endpoint_valid
  C:\Users\FCumm\NewTeleBotFinal\backend\app\ea\schemas.py:80: PydanticDeprecatedSince20: Support for class-based `config` is deprecated, use ConfigDict instead. Deprecated in Pydantic V2.0 to be removed in V3.0. See Pydantic V2 Migration Guide at https://errors.pydantic.dev/2.12/migration/
    class EncryptedSignalEnvelope(BaseModel):

tests/test_pr_044_endpoints.py::test_create_alert_endpoint_valid
  C:\Users\FCumm\NewTeleBotFinal\backend\app\ea\schemas.py:115: PydanticDeprecatedSince20: Pydantic V1 style `@validator` validators are deprecated. You should migrate to Pydantic V2 style `@field_validator` validators, see the migration guide for more details. Deprecated in Pydantic V2.0 to be removed in V3.0. See Pydantic V2 Migration Guide at https://errors.pydantic.dev/2.12/migration/
    @validator("count")

tests/test_pr_044_endpoints.py::test_create_alert_endpoint_valid
  C:\Users\FCumm\NewTeleBotFinal\backend\app\ea\schemas.py:103: PydanticDeprecatedSince20: Support for class-based `config` is deprecated, use ConfigDict instead. Deprecated in Pydantic V2.0 to be removed in V3.0. See Pydantic V2 Migration Guide at https://errors.pydantic.dev/2.12/migration/
    class PollResponse(BaseModel):

tests/test_pr_044_endpoints.py::test_create_alert_endpoint_valid
  C:\Users\FCumm\NewTeleBotFinal\backend\app\ea\schemas.py:163: PydanticDeprecatedSince20: Pydantic V1 style `@validator` validators are deprecated. You should migrate to Pydantic V2 style `@field_validator` validators, see the migration guide for more details. Deprecated in Pydantic V2.0 to be removed in V3.0. See Pydantic V2 Migration Guide at https://errors.pydantic.dev/2.12/migration/
    @validator("count")

tests/test_pr_044_endpoints.py::test_create_alert_endpoint_valid
  C:\Users\FCumm\NewTeleBotFinal\backend\app\ea\schemas.py:147: PydanticDeprecatedSince20: Support for class-based `config` is deprecated, use ConfigDict instead. Deprecated in Pydantic V2.0 to be removed in V3.0. See Pydantic V2 Migration Guide at https://errors.pydantic.dev/2.12/migration/
    class EncryptedPollResponse(BaseModel):

tests/test_pr_044_endpoints.py::test_create_alert_endpoint_valid
  C:\Users\FCumm\NewTeleBotFinal\backend\app\ea\schemas.py:201: PydanticDeprecatedSince20: Pydantic V1 style `@validator` validators are deprecated. You should migrate to Pydantic V2 style `@field_validator` validators, see the migration guide for more details. Deprecated in Pydantic V2.0 to be removed in V3.0. See Pydantic V2 Migration Guide at https://errors.pydantic.dev/2.12/migration/
    @validator("error")

tests/test_pr_044_endpoints.py::test_create_alert_endpoint_valid
  C:\Users\FCumm\NewTeleBotFinal\backend\app\ea\schemas.py:207: PydanticDeprecatedSince20: Pydantic V1 style `@validator` validators are deprecated. You should migrate to Pydantic V2 style `@field_validator` validators, see the migration guide for more details. Deprecated in Pydantic V2.0 to be removed in V3.0. See Pydantic V2 Migration Guide at https://errors.pydantic.dev/2.12/migration/
    @validator("broker_ticket")

tests/test_pr_044_endpoints.py::test_create_alert_endpoint_valid
  C:\Users\FCumm\NewTeleBotFinal\backend\app\ea\schemas.py:187: PydanticDeprecatedSince20: Support for class-based `config` is deprecated, use ConfigDict instead. Deprecated in Pydantic V2.0 to be removed in V3.0. See Pydantic V2 Migration Guide at https://errors.pydantic.dev/2.12/migration/
    class AckRequest(BaseModel):

tests/test_pr_044_endpoints.py::test_create_alert_endpoint_valid
  C:\Users\FCumm\NewTeleBotFinal\backend\app\ea\schemas.py:224: PydanticDeprecatedSince20: Support for class-based `config` is deprecated, use ConfigDict instead. Deprecated in Pydantic V2.0 to be removed in V3.0. See Pydantic V2 Migration Guide at https://errors.pydantic.dev/2.12/migration/
    class AckResponse(BaseModel):

tests/test_pr_044_endpoints.py::test_create_alert_endpoint_valid
  C:\Users\FCumm\NewTeleBotFinal\backend\app\ea\schemas.py:244: PydanticDeprecatedSince20: Support for class-based `config` is deprecated, use ConfigDict instead. Deprecated in Pydantic V2.0 to be removed in V3.0. See Pydantic V2 Migration Guide at https://errors.pydantic.dev/2.12/migration/
    class ExecutionOut(BaseModel):

tests/test_pr_044_endpoints.py::test_create_alert_endpoint_valid
  C:\Users\FCumm\NewTeleBotFinal\backend\app\ea\schemas.py:260: PydanticDeprecatedSince20: Support for class-based `config` is deprecated, use ConfigDict instead. Deprecated in Pydantic V2.0 to be removed in V3.0. See Pydantic V2 Migration Guide at https://errors.pydantic.dev/2.12/migration/
    class AggregateExecutionStatus(BaseModel):

tests/test_pr_044_endpoints.py::test_create_alert_endpoint_valid
  C:\Users\FCumm\NewTeleBotFinal\backend\app\public\trust_index.py:65: PydanticDeprecatedSince20: Support for class-based `config` is deprecated, use ConfigDict instead. Deprecated in Pydantic V2.0 to be removed in V3.0. See Pydantic V2 Migration Guide at https://errors.pydantic.dev/2.12/migration/
    class PublicTrustIndexSchema(BaseModel):

tests/test_pr_044_endpoints.py::test_create_alert_endpoint_valid
  C:\Users\FCumm\NewTeleBotFinal\backend\app\trading\schemas.py:74: PydanticDeprecatedSince20: Support for class-based `config` is deprecated, use ConfigDict instead. Deprecated in Pydantic V2.0 to be removed in V3.0. See Pydantic V2 Migration Guide at https://errors.pydantic.dev/2.12/migration/
    class ReconciliationEventOut(BaseModel):

tests/test_pr_044_endpoints.py::test_create_alert_endpoint_valid
  C:\Users\FCumm\NewTeleBotFinal\backend\app\trading\schemas.py:101: PydanticDeprecatedSince20: Support for class-based `config` is deprecated, use ConfigDict instead. Deprecated in Pydantic V2.0 to be removed in V3.0. See Pydantic V2 Migration Guide at https://errors.pydantic.dev/2.12/migration/
    class ReconciliationStatusOut(BaseModel):

tests/test_pr_044_endpoints.py::test_create_alert_endpoint_valid
  C:\Users\FCumm\NewTeleBotFinal\backend\app\trading\schemas.py:151: PydanticDeprecatedSince20: Support for class-based `config` is deprecated, use ConfigDict instead. Deprecated in Pydantic V2.0 to be removed in V3.0. See Pydantic V2 Migration Guide at https://errors.pydantic.dev/2.12/migration/
    class PositionOut(BaseModel):

tests/test_pr_044_endpoints.py::test_create_alert_endpoint_valid
  C:\Users\FCumm\NewTeleBotFinal\backend\app\trading\schemas.py:194: PydanticDeprecatedSince20: Support for class-based `config` is deprecated, use ConfigDict instead. Deprecated in Pydantic V2.0 to be removed in V3.0. See Pydantic V2 Migration Guide at https://errors.pydantic.dev/2.12/migration/
    class PositionsListOut(BaseModel):

tests/test_pr_044_endpoints.py::test_create_alert_endpoint_valid
  C:\Users\FCumm\NewTeleBotFinal\backend\app\trading\schemas.py:228: PydanticDeprecatedSince20: Support for class-based `config` is deprecated, use ConfigDict instead. Deprecated in Pydantic V2.0 to be removed in V3.0. See Pydantic V2 Migration Guide at https://errors.pydantic.dev/2.12/migration/
    class DrawdownAlertOut(BaseModel):

tests/test_pr_044_endpoints.py::test_create_alert_endpoint_valid
  C:\Users\FCumm\NewTeleBotFinal\backend\app\trading\schemas.py:265: PydanticDeprecatedSince20: Support for class-based `config` is deprecated, use ConfigDict instead. Deprecated in Pydantic V2.0 to be removed in V3.0. See Pydantic V2 Migration Guide at https://errors.pydantic.dev/2.12/migration/
    class MarketConditionAlertOut(BaseModel):

tests/test_pr_044_endpoints.py::test_create_alert_endpoint_valid
  C:\Users\FCumm\NewTeleBotFinal\backend\app\trading\schemas.py:304: PydanticDeprecatedSince20: Support for class-based `config` is deprecated, use ConfigDict instead. Deprecated in Pydantic V2.0 to be removed in V3.0. See Pydantic V2 Migration Guide at https://errors.pydantic.dev/2.12/migration/
    class GuardsStatusOut(BaseModel):

tests/test_pr_044_endpoints.py::test_create_alert_endpoint_valid
  C:\Users\FCumm\NewTeleBotFinal\backend\app\trading\schemas.py:340: PydanticDeprecatedSince20: Support for class-based `config` is deprecated, use ConfigDict instead. Deprecated in Pydantic V2.0 to be removed in V3.0. See Pydantic V2 Migration Guide at https://errors.pydantic.dev/2.12/migration/
    class ErrorDetail(BaseModel):

tests/test_pr_044_endpoints.py::test_create_alert_endpoint_valid
  C:\Users\FCumm\NewTeleBotFinal\backend\app\trading\schemas.py:357: PydanticDeprecatedSince20: Support for class-based `config` is deprecated, use ConfigDict instead. Deprecated in Pydantic V2.0 to be removed in V3.0. See Pydantic V2 Migration Guide at https://errors.pydantic.dev/2.12/migration/
    class ErrorResponse(BaseModel):

tests/test_pr_044_endpoints.py::test_create_alert_endpoint_valid
  C:\Users\FCumm\NewTeleBotFinal\.venv\Lib\site-packages\passlib\handlers\argon2.py:716: DeprecationWarning: Accessing argon2.__version__ is deprecated and will be removed in a future release. Use importlib.metadata directly to query for argon2-cffi's packaging metadata.
    _argon2_cffi.__version__, max_version)

-- Docs: https://docs.pytest.org/en/stable/how-to/capture-warnings.html
============================ slowest 15 durations =============================
1.49s setup    tests/test_pr_044_endpoints.py::test_create_alert_endpoint_valid
0.01s call     tests/test_pr_044_endpoints.py::test_create_alert_endpoint_valid
0.00s teardown tests/test_pr_044_endpoints.py::test_create_alert_endpoint_valid
=========================== short test summary info ===========================
FAILED backend\tests\test_pr_044_endpoints.py::test_create_alert_endpoint_valid - assert 404 == 201
 +  where 404 = <Response [404 Not Found]>.status_code
!!!!!!!!!!!!!!!!!!!!!!!!!! stopping after 1 failures !!!!!!!!!!!!!!!!!!!!!!!!!!
======================= 1 failed, 53 warnings in 1.62s ========================
