
[ROOT CONFTEST] pytest_configure called
[ROOT CONFTEST] Importing minimal models...
[ROOT CONFTEST] Base.metadata.tables: ['audit_logs', 'users', 'entitlement_types', 'user_entitlements', 'stripe_events', 'trades', 'positions', 'equity_points', 'validation_logs']
============================= test session starts =============================
platform win32 -- Python 3.11.9, pytest-8.4.2, pluggy-1.6.0 -- C:\Users\FCumm\NewTeleBotFinal\.venv\Scripts\python.exe
cachedir: .pytest_cache
rootdir: C:\Users\FCumm\NewTeleBotFinal\backend
configfile: pytest.ini
plugins: anyio-4.11.0, locust-2.42.0, asyncio-1.2.0, cov-7.0.0, mock-3.15.1, sugar-1.1.1, timeout-2.4.0
asyncio: mode=Mode.STRICT, debug=False, asyncio_default_fixture_loop_scope=None, asyncio_default_test_loop_scope=function
timeout: 60.0s
timeout method: thread
timeout func_only: False
collecting ... collected 1384 items

backend\tests\marketing\test_scheduler.py::TestMarketingSchedulerInitialization::test_init_with_defaults PASSED [  0%]
backend\tests\marketing\test_scheduler.py::TestMarketingSchedulerInitialization::test_init_with_custom_interval PASSED [  0%]
backend\tests\marketing\test_scheduler.py::TestMarketingSchedulerInitialization::test_init_with_db_session PASSED [  0%]
backend\tests\marketing\test_scheduler.py::TestMarketingSchedulerInitialization::test_init_default_promos_available PASSED [  0%]
backend\tests\marketing\test_scheduler.py::TestMarketingSchedulerStartStop::test_start_scheduler PASSED [  0%]
backend\tests\marketing\test_scheduler.py::TestMarketingSchedulerStartStop::test_start_scheduler_already_running PASSED [  0%]
backend\tests\marketing\test_scheduler.py::TestMarketingSchedulerStartStop::test_stop_scheduler PASSED [  0%]
backend\tests\marketing\test_scheduler.py::TestMarketingSchedulerStartStop::test_stop_scheduler_not_running PASSED [  0%]
backend\tests\marketing\test_scheduler.py::TestPromoPosting::test_post_promo_success PASSED [  0%]
backend\tests\marketing\test_scheduler.py::TestPromoPosting::test_post_promo_partial_failure PASSED [  0%]
backend\tests\marketing\test_scheduler.py::TestPromoPosting::test_post_promo_rotation PASSED [  0%]
backend\tests\marketing\test_scheduler.py::TestPromoPosting::test_post_promo_all_failures PASSED [  0%]
backend\tests\marketing\test_scheduler.py::TestMarketingSchedulerJobManagement::test_get_job_status_not_scheduled PASSED [  0%]
backend\tests\marketing\test_scheduler.py::TestMarketingSchedulerJobManagement::test_get_job_status_scheduled PASSED [  1%]
backend\tests\marketing\test_scheduler.py::TestMarketingSchedulerJobManagement::test_get_next_run_time PASSED [  1%]
backend\tests\marketing\test_scheduler.py::TestMarketingSchedulerCreation::test_create_from_env_valid_json PASSED [  1%]
backend\tests\marketing\test_scheduler.py::TestMarketingSchedulerCreation::test_create_from_env_single_chat PASSED [  1%]
backend\tests\marketing\test_scheduler.py::TestMarketingSchedulerCreation::test_create_from_env_with_db_session PASSED [  1%]
backend\tests\marketing\test_scheduler.py::TestMarketingSchedulerCreation::test_create_from_env_invalid_json PASSED [  1%]
backend\tests\marketing\test_scheduler.py::TestMarketingSchedulerCreation::test_create_from_env_not_array PASSED [  1%]
backend\tests\marketing\test_scheduler.py::TestClicksStore::test_log_click_success PASSED [  1%]
backend\tests\marketing\test_scheduler.py::TestClicksStore::test_log_click_with_metadata PASSED [  1%]
backend\tests\marketing\test_scheduler.py::TestClicksStore::test_get_user_clicks PASSED [  1%]
backend\tests\marketing\test_scheduler.py::TestClicksStore::test_get_promo_clicks PASSED [  1%]
backend\tests\marketing\test_scheduler.py::TestClicksStore::test_get_click_count PASSED [  1%]
backend\tests\marketing\test_scheduler.py::TestClicksStore::test_get_conversion_rate PASSED [  1%]
backend\tests\marketing\test_scheduler.py::TestClicksStore::test_update_click_metadata PASSED [  1%]
backend\tests\telegram\test_scheduler.py::TestGuideSchedulerInitialization::test_init_with_defaults PASSED [  2%]
backend\tests\telegram\test_scheduler.py::TestGuideSchedulerInitialization::test_init_with_custom_interval PASSED [  2%]
backend\tests\telegram\test_scheduler.py::TestGuideSchedulerInitialization::test_init_with_db_session PASSED [  2%]
backend\tests\telegram\test_scheduler.py::TestGuideSchedulerInitialization::test_init_default_guides_available PASSED [  2%]
backend\tests\telegram\test_scheduler.py::TestGuideSchedulerStartStop::test_start_scheduler PASSED [  2%]
backend\tests\telegram\test_scheduler.py::TestGuideSchedulerStartStop::test_start_scheduler_already_running PASSED [  2%]
backend\tests\telegram\test_scheduler.py::TestGuideSchedulerStartStop::test_stop_scheduler PASSED [  2%]
backend\tests\telegram\test_scheduler.py::TestGuideSchedulerStartStop::test_stop_scheduler_not_running PASSED [  2%]
backend\tests\telegram\test_scheduler.py::TestGuidePosting::test_post_guide_success PASSED [  2%]
backend\tests\telegram\test_scheduler.py::TestGuidePosting::test_post_guide_partial_failure PASSED [  2%]
backend\tests\telegram\test_scheduler.py::TestGuidePosting::test_post_guide_rotation PASSED [  2%]
backend\tests\telegram\test_scheduler.py::TestGuidePosting::test_post_guide_all_failures PASSED [  2%]
backend\tests\telegram\test_scheduler.py::TestGuideSchedulerJobManagement::test_get_job_status_not_scheduled PASSED [  2%]
backend\tests\telegram\test_scheduler.py::TestGuideSchedulerJobManagement::test_get_job_status_scheduled PASSED [  2%]
backend\tests\telegram\test_scheduler.py::TestGuideSchedulerJobManagement::test_get_next_run_time PASSED [  3%]
backend\tests\telegram\test_scheduler.py::TestGuideSchedulerJobManagement::test_get_next_run_time_no_job PASSED [  3%]
backend\tests\telegram\test_scheduler.py::TestGuideSchedulerCreation::test_create_from_env_valid_json PASSED [  3%]
backend\tests\telegram\test_scheduler.py::TestGuideSchedulerCreation::test_create_from_env_single_chat PASSED [  3%]
backend\tests\telegram\test_scheduler.py::TestGuideSchedulerCreation::test_create_from_env_with_db_session PASSED [  3%]
backend\tests\telegram\test_scheduler.py::TestGuideSchedulerCreation::test_create_from_env_invalid_json PASSED [  3%]
backend\tests\telegram\test_scheduler.py::TestGuideSchedulerCreation::test_create_from_env_not_array PASSED [  3%]
backend\tests\telegram\test_scheduler.py::TestErrorHandling::test_telegram_error_handling PASSED [  3%]
backend\tests\telegram\test_scheduler.py::TestErrorHandling::test_unexpected_error_handling PASSED [  3%]
backend\tests\telegram\test_scheduler.py::TestErrorHandling::test_start_error_handling PASSED [  3%]
backend\tests\telegram\test_scheduler.py::TestErrorHandling::test_stop_error_handling PASSED [  3%]
backend\tests\test_alerts.py::TestOpsAlertServiceInit::test_init_with_explicit_credentials PASSED [  3%]
backend\tests\test_alerts.py::TestOpsAlertServiceInit::test_init_validates_config_on_creation PASSED [  3%]
backend\tests\test_alerts.py::TestOpsAlertServiceInit::test_init_from_env_success PASSED [  3%]
backend\tests\test_alerts.py::TestOpsAlertServiceInit::test_init_from_env_raises_on_missing_token PASSED [  4%]
backend\tests\test_alerts.py::TestOpsAlertServiceInit::test_init_from_env_raises_on_missing_chat PASSED [  4%]
backend\tests\test_alerts.py::TestConfigValidation::test_validate_config_success PASSED [  4%]
backend\tests\test_alerts.py::TestConfigValidation::test_validate_config_raises_on_missing_token PASSED [  4%]
backend\tests\test_alerts.py::TestConfigValidation::test_validate_config_raises_on_missing_chat_id PASSED [  4%]
backend\tests\test_alerts.py::TestConfigValidation::test_validate_config_raises_when_both_missing PASSED [  4%]
backend\tests\test_alerts.py::TestSendAlert::test_send_success PASSED    [  4%]
backend\tests\test_alerts.py::TestSendAlert::test_send_api_error PASSED  [  4%]
backend\tests\test_alerts.py::TestSendAlert::test_send_network_error PASSED [  4%]
backend\tests\test_alerts.py::TestSendAlert::test_send_with_severity PASSED [  4%]
backend\tests\test_alerts.py::TestSendAlert::test_send_without_timestamp PASSED [  4%]
backend\tests\test_alerts.py::TestSendAlert::test_send_with_custom_timeout PASSED [  4%]
backend\tests\test_alerts.py::TestSendErrorAlert::test_send_error_alert_success PASSED [  4%]
backend\tests\test_alerts.py::TestSendErrorAlert::test_send_error_alert_without_error PASSED [  4%]
backend\tests\test_alerts.py::TestSendErrorAlert::test_send_error_alert_formatting PASSED [  5%]
backend\tests\test_alerts.py::TestModuleFunctions::test_send_owner_alert PASSED [  5%]
backend\tests\test_alerts.py::TestModuleFunctions::test_send_owner_alert_with_severity PASSED [  5%]
backend\tests\test_alerts.py::TestModuleFunctions::test_send_signal_delivery_error PASSED [  5%]
backend\tests\test_alerts.py::TestModuleFunctions::test_send_signal_delivery_error_defaults PASSED [  5%]
backend\tests\test_alerts.py::TestAlertFormatting::test_error_alert_formats_exception_type PASSED [  5%]
backend\tests\test_alerts.py::TestAlertFormatting::test_error_alert_includes_attempt_info PASSED [  5%]
backend\tests\test_alerts.py::TestAlertFormatting::test_error_alert_formats_severity PASSED [  5%]
backend\tests\test_alerts.py::TestAlertExceptions::test_alert_config_error_message PASSED [  5%]
backend\tests\test_alerts.py::TestAlertExceptions::test_alert_config_error_is_exception PASSED [  5%]
backend\tests\test_alerts.py::TestAlertIntegration::test_full_error_alert_flow PASSED [  5%]
backend\tests\test_alerts.py::TestAlertIntegration::test_send_alert_with_invalid_config_raises PASSED [  5%]
backend\tests\test_alerts.py::TestAlertIntegration::test_send_error_alert_with_invalid_config_raises PASSED [  5%]
backend\tests\test_alerts.py::TestAlertIntegration::test_multiple_alerts_sequence PASSED [  5%]
backend\tests\test_audit.py::TestAuditLogModel::test_audit_log_creation PASSED [  6%]
backend\tests\test_audit.py::TestAuditLogModel::test_audit_log_with_meta PASSED [  6%]
backend\tests\test_audit.py::TestAuditLogModel::test_audit_log_immutable PASSED [  6%]
backend\tests\test_audit.py::TestAuditService::test_record_login_success PASSED [  6%]
backend\tests\test_audit.py::TestAuditService::test_record_login_failure PASSED [  6%]
backend\tests\test_audit.py::TestAuditService::test_record_registration PASSED [  6%]
backend\tests\test_audit.py::TestAuditService::test_record_role_change PASSED [  6%]
backend\tests\test_audit.py::TestAuditService::test_record_failure PASSED [  6%]
backend\tests\test_audit.py::TestAuditService::test_record_generic PASSED [  6%]
backend\tests\test_audit.py::TestAuditService::test_audit_queries PASSED [  6%]
backend\tests\test_audit.py::TestAuditService::test_audit_log_no_pii PASSED [  6%]
backend\tests\test_audit.py::TestAuditActions::test_audit_actions_defined PASSED [  6%]
backend\tests\test_audit.py::TestAuditActions::test_audit_actions_have_descriptions PASSED [  6%]
backend\tests\test_auth.py::TestPasswordHashing::test_hash_password_creates_hash PASSED [  7%]
backend\tests\test_auth.py::TestPasswordHashing::test_verify_password_valid PASSED [  7%]
backend\tests\test_auth.py::TestPasswordHashing::test_verify_password_invalid PASSED [  7%]
backend\tests\test_auth.py::TestPasswordHashing::test_verify_password_empty_string PASSED [  7%]
backend\tests\test_auth.py::TestJWT::test_create_access_token_valid PASSED [  7%]
backend\tests\test_auth.py::TestJWT::test_create_access_token_with_expiry PASSED [  7%]
backend\tests\test_auth.py::TestJWT::test_decode_token_invalid PASSED    [  7%]
backend\tests\test_auth.py::TestJWT::test_decode_token_expired PASSED    [  7%]
backend\tests\test_auth.py::TestUserModel::test_user_model_creation PASSED [  7%]
backend\tests\test_auth.py::TestUserModel::test_user_default_role PASSED [  7%]
backend\tests\test_auth.py::TestUserModel::test_user_unique_email PASSED [  7%]
backend\tests\test_auth.py::TestRegisterEndpoint::test_register_valid PASSED [  7%]
backend\tests\test_auth.py::TestRegisterEndpoint::test_register_duplicate_email PASSED [  7%]
backend\tests\test_auth.py::TestRegisterEndpoint::test_register_invalid_email PASSED [  7%]
backend\tests\test_auth.py::TestRegisterEndpoint::test_register_weak_password PASSED [  8%]
backend\tests\test_auth.py::TestLoginEndpoint::test_login_valid PASSED   [  8%]
backend\tests\test_auth.py::TestLoginEndpoint::test_login_invalid_password PASSED [  8%]
backend\tests\test_auth.py::TestLoginEndpoint::test_login_nonexistent_user PASSED [  8%]
backend\tests\test_auth.py::TestMeEndpoint::test_me_with_valid_token PASSED [  8%]
backend\tests\test_auth.py::TestMeEndpoint::test_me_without_token PASSED [  8%]
backend\tests\test_auth.py::TestMeEndpoint::test_me_with_invalid_token PASSED [  8%]
backend\tests\test_auth.py::TestMeEndpoint::test_me_with_deleted_user PASSED [  8%]
backend\tests\test_auth.py::TestAdminEndpoint::test_admin_endpoint_owner PASSED [  8%]
backend\tests\test_auth.py::TestAdminEndpoint::test_admin_endpoint_admin PASSED [  8%]
backend\tests\test_auth.py::TestAdminEndpoint::test_admin_endpoint_user_denied PASSED [  8%]
backend\tests\test_data_pipeline.py::TestSymbolPriceModel::test_symbol_price_creation PASSED [  8%]
backend\tests\test_data_pipeline.py::TestSymbolPriceModel::test_symbol_price_get_mid_price PASSED [  8%]
backend\tests\test_data_pipeline.py::TestSymbolPriceModel::test_symbol_price_get_spread PASSED [  8%]
backend\tests\test_data_pipeline.py::TestSymbolPriceModel::test_symbol_price_get_spread_percent PASSED [  9%]
backend\tests\test_data_pipeline.py::TestSymbolPriceModel::test_symbol_price_repr PASSED [  9%]
backend\tests\test_data_pipeline.py::TestOHLCCandleModel::test_ohlc_candle_creation PASSED [  9%]
backend\tests\test_data_pipeline.py::TestOHLCCandleModel::test_ohlc_candle_get_range PASSED [  9%]
backend\tests\test_data_pipeline.py::TestOHLCCandleModel::test_ohlc_candle_get_change PASSED [  9%]
backend\tests\test_data_pipeline.py::TestOHLCCandleModel::test_ohlc_candle_get_change_percent PASSED [  9%]
backend\tests\test_data_pipeline.py::TestOHLCCandleModel::test_ohlc_candle_is_bullish PASSED [  9%]
backend\tests\test_data_pipeline.py::TestOHLCCandleModel::test_ohlc_candle_is_bearish PASSED [  9%]
backend\tests\test_data_pipeline.py::TestOHLCCandleModel::test_ohlc_candle_repr PASSED [  9%]
backend\tests\test_data_pipeline.py::TestDataPullLogModel::test_data_pull_log_creation_success PASSED [  9%]
backend\tests\test_data_pipeline.py::TestDataPullLogModel::test_data_pull_log_creation_error PASSED [  9%]
backend\tests\test_data_pipeline.py::TestDataPullLogModel::test_data_pull_log_is_error PASSED [  9%]
backend\tests\test_data_pipeline.py::TestDataPullLogModel::test_data_pull_log_is_success PASSED [  9%]
backend\tests\test_data_pipeline.py::TestDataPullLogModel::test_data_pull_log_get_success_rate PASSED [  9%]
backend\tests\test_data_pipeline.py::TestMT5DataPuller::test_puller_initialization PASSED [ 10%]
backend\tests\test_data_pipeline.py::TestMT5DataPuller::test_puller_init_none_session_manager PASSED [ 10%]
backend\tests\test_data_pipeline.py::TestMT5DataPuller::test_get_ohlc_data_invalid_symbol PASSED [ 10%]
backend\tests\test_data_pipeline.py::TestMT5DataPuller::test_get_ohlc_data_invalid_timeframe PASSED [ 10%]
backend\tests\test_data_pipeline.py::TestMT5DataPuller::test_get_ohlc_data_invalid_count PASSED [ 10%]
backend\tests\test_data_pipeline.py::TestMT5DataPuller::test_get_ohlc_data_success PASSED [ 10%]
backend\tests\test_data_pipeline.py::TestMT5DataPuller::test_get_symbol_data_invalid_symbol PASSED [ 10%]
backend\tests\test_data_pipeline.py::TestMT5DataPuller::test_get_symbol_data_success PASSED [ 10%]
backend\tests\test_data_pipeline.py::TestMT5DataPuller::test_get_all_symbols_data PASSED [ 10%]
backend\tests\test_data_pipeline.py::TestMT5DataPuller::test_get_all_symbols_data_default PASSED [ 10%]
backend\tests\test_data_pipeline.py::TestMT5DataPuller::test_health_check PASSED [ 10%]
backend\tests\test_data_pipeline.py::TestDataPipelineConfiguration::test_pipeline_initialization PASSED [ 10%]
backend\tests\test_data_pipeline.py::TestDataPipelineConfiguration::test_pipeline_init_none_puller PASSED [ 10%]
backend\tests\test_data_pipeline.py::TestDataPipelineConfiguration::test_add_pull_config PASSED [ 10%]
backend\tests\test_data_pipeline.py::TestDataPipelineConfiguration::test_add_pull_config_duplicate_name PASSED [ 11%]
backend\tests\test_data_pipeline.py::TestDataPipelineConfiguration::test_add_pull_config_empty_symbols PASSED [ 11%]
backend\tests\test_data_pipeline.py::TestDataPipelineConfiguration::test_add_pull_config_interval_too_small PASSED [ 11%]
backend\tests\test_data_pipeline.py::TestDataPipelineConfiguration::test_add_pull_config_interval_too_large PASSED [ 11%]
backend\tests\test_data_pipeline.py::TestDataPipelineConfiguration::test_pull_config_dataclass PASSED [ 11%]
backend\tests\test_data_pipeline.py::TestDataPipelineLifecycle::test_start_no_configs PASSED [ 11%]
backend\tests\test_data_pipeline.py::TestDataPipelineLifecycle::test_start_with_config PASSED [ 11%]
backend\tests\test_data_pipeline.py::TestDataPipelineLifecycle::test_start_already_running PASSED [ 11%]
backend\tests\test_data_pipeline.py::TestDataPipelineLifecycle::test_stop_not_running PASSED [ 11%]
backend\tests\test_data_pipeline.py::TestDataPipelineLifecycle::test_stop_running_pipeline PASSED [ 11%]
backend\tests\test_data_pipeline.py::TestDataPipelineLifecycle::test_multiple_configs PASSED [ 11%]
backend\tests\test_data_pipeline.py::TestDataPipelineStatus::test_get_status PASSED [ 11%]
backend\tests\test_data_pipeline.py::TestDataPipelineStatus::test_pipeline_status_uptime PASSED [ 11%]
backend\tests\test_data_pipeline.py::TestDataPipelineStatus::test_get_summary PASSED [ 11%]
backend\tests\test_data_pipeline.py::TestDataPipelineStatus::test_health_check_not_running PASSED [ 12%]
backend\tests\test_data_pipeline.py::TestDataPipelineStatus::test_health_check_running PASSED [ 12%]
backend\tests\test_data_pipeline.py::TestDataValidation::test_validate_candles_valid PASSED [ 12%]
backend\tests\test_data_pipeline.py::TestDataValidation::test_validate_candles_high_low_violation PASSED [ 12%]
backend\tests\test_data_pipeline.py::TestDataValidation::test_validate_candles_low_violation PASSED [ 12%]
backend\tests\test_data_pipeline.py::TestDataValidation::test_validate_candles_invalid_volume PASSED [ 12%]
backend\tests\test_data_pipeline.py::TestDataValidation::test_validate_candles_missing_field PASSED [ 12%]
backend\tests\test_data_pipeline.py::TestDataValidation::test_validate_candles_high_high_violation PASSED [ 12%]
backend\tests\test_data_pipeline.py::TestDataValidation::test_validate_candles_type_error PASSED [ 12%]
backend\tests\test_data_pipeline.py::TestMT5DataPullerHelpers::test_timeframe_to_mt5_m1 PASSED [ 12%]
backend\tests\test_data_pipeline.py::TestMT5DataPullerHelpers::test_timeframe_to_mt5_m5 PASSED [ 12%]
backend\tests\test_data_pipeline.py::TestMT5DataPullerHelpers::test_timeframe_to_mt5_m15 PASSED [ 12%]
backend\tests\test_data_pipeline.py::TestMT5DataPullerHelpers::test_timeframe_to_mt5_m30 PASSED [ 12%]
backend\tests\test_data_pipeline.py::TestMT5DataPullerHelpers::test_timeframe_to_mt5_h1 PASSED [ 13%]
backend\tests\test_data_pipeline.py::TestMT5DataPullerHelpers::test_timeframe_to_mt5_h4 PASSED [ 13%]
backend\tests\test_data_pipeline.py::TestMT5DataPullerHelpers::test_timeframe_to_mt5_d1 PASSED [ 13%]
backend\tests\test_data_pipeline.py::TestMT5DataPullerHelpers::test_timeframe_to_mt5_invalid PASSED [ 13%]
backend\tests\test_data_pipeline.py::TestAsyncPipelineOps::test_pull_cycle_with_symbol_failure PASSED [ 13%]
backend\tests\test_data_pipeline.py::TestAsyncPipelineOps::test_pull_loop_with_shutdown PASSED [ 13%]
backend\tests\test_data_pipeline.py::TestAsyncPipelineOps::test_pipeline_status_dataclass PASSED [ 13%]
backend\tests\test_data_pipeline.py::TestAsyncPipelineOps::test_pull_config_with_disabled PASSED [ 13%]
backend\tests\test_drawdown_guard.py::TestDrawdownGuardInitialization::test_init_with_valid_threshold PASSED [ 13%]
backend\tests\test_drawdown_guard.py::TestDrawdownGuardInitialization::test_init_rejects_negative_threshold PASSED [ 13%]
backend\tests\test_drawdown_guard.py::TestDrawdownGuardInitialization::test_init_rejects_excessive_threshold PASSED [ 13%]
backend\tests\test_drawdown_guard.py::TestDrawdownGuardInitialization::test_init_accepts_minimum_threshold PASSED [ 13%]
backend\tests\test_drawdown_guard.py::TestDrawdownGuardInitialization::test_init_accepts_maximum_threshold PASSED [ 13%]
backend\tests\test_drawdown_guard.py::TestDrawdownGuardInitialization::test_init_with_optional_alert_service PASSED [ 13%]
backend\tests\test_drawdown_guard.py::TestDrawdownGuardInitialization::test_init_sets_entry_equity_none PASSED [ 14%]
backend\tests\test_drawdown_guard.py::TestDrawdownGuardInitialization::test_init_sets_cap_triggered_false PASSED [ 14%]
backend\tests\test_drawdown_guard.py::TestDrawdownCalculation::test_calculate_drawdown_0_percent PASSED [ 14%]
backend\tests\test_drawdown_guard.py::TestDrawdownCalculation::test_calculate_drawdown_20_percent PASSED [ 14%]
backend\tests\test_drawdown_guard.py::TestDrawdownCalculation::test_calculate_drawdown_50_percent PASSED [ 14%]
backend\tests\test_drawdown_guard.py::TestDrawdownCalculation::test_calculate_drawdown_100_percent PASSED [ 14%]
backend\tests\test_drawdown_guard.py::TestDrawdownCalculation::test_calculate_drawdown_capped_at_100 PASSED [ 14%]
backend\tests\test_drawdown_guard.py::TestDrawdownCalculation::test_calculate_drawdown_with_position_count PASSED [ 14%]
backend\tests\test_drawdown_guard.py::TestDrawdownThresholdChecking::test_should_close_positions_at_threshold PASSED [ 14%]
backend\tests\test_drawdown_guard.py::TestDrawdownThresholdChecking::test_should_close_positions_above_threshold PASSED [ 14%]
backend\tests\test_drawdown_guard.py::TestDrawdownThresholdChecking::test_should_not_close_positions_below_threshold PASSED [ 14%]
backend\tests\test_drawdown_guard.py::TestDrawdownThresholdChecking::test_custom_threshold_10_percent PASSED [ 14%]
backend\tests\test_drawdown_guard.py::TestCheckAndEnforce::test_check_and_enforce_initializes_entry_equity PASSED [ 14%]
backend\tests\test_drawdown_guard.py::TestCheckAndEnforce::test_check_and_enforce_returns_state PASSED [ 14%]
backend\tests\test_drawdown_guard.py::TestCheckAndEnforce::test_check_and_enforce_handles_error PASSED [ 15%]
backend\tests\test_drawdown_guard.py::TestAlertTriggering::test_alert_service_called_on_cap PASSED [ 15%]
backend\tests\test_drawdown_guard.py::TestPositionClosing::test_close_all_positions_empty_list PASSED [ 15%]
backend\tests\test_drawdown_guard.py::TestPositionClosing::test_close_all_positions_called_on_cap PASSED [ 15%]
backend\tests\test_drawdown_guard.py::TestRecoveryTracking::test_track_drawdown_change PASSED [ 15%]
backend\tests\test_drawdown_guard.py::TestRecoveryTracking::test_full_recovery PASSED [ 15%]
backend\tests\test_drawdown_guard.py::TestDrawdownCapExceededError::test_error_initialization PASSED [ 15%]
backend\tests\test_drawdown_guard.py::TestDrawdownCapExceededError::test_error_message PASSED [ 15%]
backend\tests\test_drawdown_guard.py::TestDrawdownConstants::test_min_drawdown_threshold PASSED [ 15%]
backend\tests\test_drawdown_guard.py::TestDrawdownConstants::test_max_drawdown_threshold PASSED [ 15%]
backend\tests\test_ea_device_auth_security.py::TestTimestampFreshness::test_poll_accepts_fresh_timestamp PASSED [ 15%]
backend\tests\test_ea_device_auth_security.py::TestTimestampFreshness::test_poll_rejects_stale_timestamp PASSED [ 15%]
backend\tests\test_ea_device_auth_security.py::TestTimestampFreshness::test_poll_rejects_future_timestamp PASSED [ 15%]
backend\tests\test_ea_device_auth_security.py::TestTimestampFreshness::test_poll_rejects_malformed_timestamp PASSED [ 15%]
backend\tests\test_ea_device_auth_security.py::TestNonceReplayDetection::test_poll_accepts_unique_nonce PASSED [ 16%]
backend\tests\test_ea_device_auth_security.py::TestNonceReplayDetection::test_poll_rejects_replayed_nonce PASSED [ 16%]
backend\tests\test_ea_device_auth_security.py::TestNonceReplayDetection::test_poll_rejects_empty_nonce PASSED [ 16%]
backend\tests\test_ea_device_auth_security.py::TestSignatureValidation::test_poll_accepts_valid_signature PASSED [ 16%]
backend\tests\test_ea_device_auth_security.py::TestSignatureValidation::test_poll_rejects_invalid_signature PASSED [ 16%]
backend\tests\test_ea_device_auth_security.py::TestSignatureValidation::test_poll_rejects_tampered_signature PASSED [ 16%]
backend\tests\test_ea_device_auth_security.py::TestSignatureValidation::test_poll_rejects_signature_for_wrong_method PASSED [ 16%]
backend\tests\test_ea_device_auth_security.py::TestCanonicalStringConstruction::test_canonical_format_correct PASSED [ 16%]
backend\tests\test_ea_device_auth_security.py::TestCanonicalStringConstruction::test_canonical_format_with_body PASSED [ 16%]
backend\tests\test_ea_device_auth_security.py::TestCanonicalStringConstruction::test_canonical_order_matters PASSED [ 16%]
backend\tests\test_ea_device_auth_security.py::TestDeviceNotFound::test_poll_rejects_unknown_device PASSED [ 16%]
backend\tests\test_ea_device_auth_security.py::TestDeviceNotFound::test_poll_rejects_revoked_device PASSED [ 16%]
backend\tests\test_ea_device_auth_security.py::TestMissingHeaders::test_poll_rejects_missing_device_id PASSED [ 16%]
backend\tests\test_ea_device_auth_security.py::TestMissingHeaders::test_poll_rejects_missing_signature PASSED [ 16%]
backend\tests\test_ea_device_auth_security.py::TestMissingHeaders::test_ack_rejects_missing_headers PASSED [ 17%]
backend\tests\test_ea_device_auth_security.py::TestAckSpecificSecurity::test_ack_signature_includes_body PASSED [ 17%]
backend\tests\test_ea_device_auth_security.py::TestAckSpecificSecurity::test_ack_rejects_body_tampering PASSED [ 17%]
backend\tests\test_errors.py::TestProblemDetailModel::test_problem_detail_basic PASSED [ 17%]
backend\tests\test_errors.py::TestProblemDetailModel::test_problem_detail_with_errors PASSED [ 17%]
backend\tests\test_errors.py::TestProblemDetailModel::test_problem_detail_json_serialization PASSED [ 17%]
backend\tests\test_errors.py::TestAPIExceptions::test_validation_error PASSED [ 17%]
backend\tests\test_errors.py::TestAPIExceptions::test_authentication_error PASSED [ 17%]
backend\tests\test_errors.py::TestAPIExceptions::test_authorization_error PASSED [ 17%]
backend\tests\test_errors.py::TestAPIExceptions::test_not_found_error PASSED [ 17%]
backend\tests\test_errors.py::TestAPIExceptions::test_conflict_error PASSED [ 17%]
backend\tests\test_errors.py::TestAPIExceptions::test_rate_limit_error PASSED [ 17%]
backend\tests\test_errors.py::TestAPIExceptions::test_server_error PASSED [ 17%]
backend\tests\test_errors.py::TestAPIExceptions::test_exception_to_problem_detail PASSED [ 17%]
backend\tests\test_errors.py::TestEmailValidator::test_email_valid PASSED [ 18%]
backend\tests\test_errors.py::TestEmailValidator::test_email_invalid PASSED [ 18%]
backend\tests\test_errors.py::TestEmailValidator::test_email_lowercase PASSED [ 18%]
backend\tests\test_errors.py::TestInstrumentValidator::test_instrument_valid PASSED [ 18%]
backend\tests\test_errors.py::TestInstrumentValidator::test_instrument_lowercase PASSED [ 18%]
backend\tests\test_errors.py::TestInstrumentValidator::test_instrument_invalid PASSED [ 18%]
backend\tests\test_errors.py::TestPriceValidator::test_price_valid PASSED [ 18%]
backend\tests\test_errors.py::TestPriceValidator::test_price_negative_rejected PASSED [ 18%]
backend\tests\test_errors.py::TestPriceValidator::test_price_zero_rejected PASSED [ 18%]
backend\tests\test_errors.py::TestPriceValidator::test_price_too_large_rejected PASSED [ 18%]
backend\tests\test_errors.py::TestRoleValidator::test_role_valid PASSED  [ 18%]
backend\tests\test_errors.py::TestRoleValidator::test_role_lowercase PASSED [ 18%]
backend\tests\test_errors.py::TestRoleValidator::test_role_invalid PASSED [ 18%]
backend\tests\test_errors.py::TestSideValidator::test_side_valid PASSED  [ 19%]
backend\tests\test_errors.py::TestSideValidator::test_side_lowercase PASSED [ 19%]
backend\tests\test_errors.py::TestSideValidator::test_side_invalid PASSED [ 19%]
backend\tests\test_errors.py::TestUUIDValidator::test_uuid_valid_v4 PASSED [ 19%]
backend\tests\test_errors.py::TestUUIDValidator::test_uuid_case_insensitive PASSED [ 19%]
backend\tests\test_errors.py::TestUUIDValidator::test_uuid_invalid PASSED [ 19%]
backend\tests\test_errors.py::TestErrorResponses::test_validation_error_response PASSED [ 19%]
backend\tests\test_errors.py::TestErrorResponses::test_authentication_error_response PASSED [ 19%]
backend\tests\test_errors.py::TestErrorResponses::test_missing_auth_header PASSED [ 19%]
backend\tests\test_fib_rsi_strategy.py::TestStrategyParams::test_default_initialization PASSED [ 19%]
backend\tests\test_fib_rsi_strategy.py::TestStrategyParams::test_custom_initialization PASSED [ 19%]
backend\tests\test_fib_rsi_strategy.py::TestStrategyParams::test_validation_succeeds_with_defaults PASSED [ 19%]
backend\tests\test_fib_rsi_strategy.py::TestStrategyParams::test_validation_fails_invalid_rsi_period PASSED [ 19%]
backend\tests\test_fib_rsi_strategy.py::TestStrategyParams::test_validation_fails_invalid_rr_ratio PASSED [ 19%]
backend\tests\test_fib_rsi_strategy.py::TestStrategyParams::test_validation_fails_invalid_risk_per_trade PASSED [ 20%]
backend\tests\test_fib_rsi_strategy.py::TestStrategyParams::test_get_rsi_config PASSED [ 20%]
backend\tests\test_fib_rsi_strategy.py::TestStrategyParams::test_get_roc_config PASSED [ 20%]
backend\tests\test_fib_rsi_strategy.py::TestStrategyParams::test_get_fib_config PASSED [ 20%]
backend\tests\test_fib_rsi_strategy.py::TestStrategyParams::test_get_risk_config PASSED [ 20%]
backend\tests\test_fib_rsi_strategy.py::TestStrategyParams::test_to_dict PASSED [ 20%]
backend\tests\test_fib_rsi_strategy.py::TestRSICalculator::test_rsi_basic_calculation PASSED [ 20%]
backend\tests\test_fib_rsi_strategy.py::TestRSICalculator::test_rsi_oversold_detection PASSED [ 20%]
backend\tests\test_fib_rsi_strategy.py::TestRSICalculator::test_rsi_overbought_detection PASSED [ 20%]
backend\tests\test_fib_rsi_strategy.py::TestRSICalculator::test_rsi_constant_prices PASSED [ 20%]
backend\tests\test_fib_rsi_strategy.py::TestRSICalculator::test_rsi_insufficient_data PASSED [ 20%]
backend\tests\test_fib_rsi_strategy.py::TestRSICalculator::test_rsi_edge_case_single_peak PASSED [ 20%]
backend\tests\test_fib_rsi_strategy.py::TestRSICalculator::test_rsi_downtrend PASSED [ 20%]
backend\tests\test_fib_rsi_strategy.py::TestRSICalculator::test_rsi_uptrend PASSED [ 20%]
backend\tests\test_fib_rsi_strategy.py::TestROCCalculator::test_roc_basic_calculation PASSED [ 21%]
backend\tests\test_fib_rsi_strategy.py::TestROCCalculator::test_roc_positive_detection PASSED [ 21%]
backend\tests\test_fib_rsi_strategy.py::TestROCCalculator::test_roc_negative_detection PASSED [ 21%]
backend\tests\test_fib_rsi_strategy.py::TestROCCalculator::test_roc_constant_prices PASSED [ 21%]
backend\tests\test_fib_rsi_strategy.py::TestROCCalculator::test_roc_insufficient_data PASSED [ 21%]
backend\tests\test_fib_rsi_strategy.py::TestROCCalculator::test_roc_uptrend PASSED [ 21%]
backend\tests\test_fib_rsi_strategy.py::TestATRCalculator::test_atr_basic_calculation PASSED [ 21%]
backend\tests\test_fib_rsi_strategy.py::TestATRCalculator::test_atr_mismatched_lengths PASSED [ 21%]
backend\tests\test_fib_rsi_strategy.py::TestATRCalculator::test_atr_insufficient_data PASSED [ 21%]
backend\tests\test_fib_rsi_strategy.py::TestATRCalculator::test_atr_wide_range PASSED [ 21%]
backend\tests\test_fib_rsi_strategy.py::TestATRCalculator::test_atr_narrow_range PASSED [ 21%]
backend\tests\test_fib_rsi_strategy.py::TestATRCalculator::test_atr_gap_up PASSED [ 21%]
backend\tests\test_fib_rsi_strategy.py::TestATRCalculator::test_atr_volatility_classification PASSED [ 21%]
backend\tests\test_fib_rsi_strategy.py::TestFibonacciAnalyzer::test_find_swing_high PASSED [ 21%]
backend\tests\test_fib_rsi_strategy.py::TestFibonacciAnalyzer::test_find_swing_low PASSED [ 22%]
backend\tests\test_fib_rsi_strategy.py::TestFibonacciAnalyzer::test_calculate_fibonacci_levels PASSED [ 22%]
backend\tests\test_fib_rsi_strategy.py::TestFibonacciAnalyzer::test_fibonacci_levels_invalid_inputs PASSED [ 22%]
backend\tests\test_fib_rsi_strategy.py::TestFibonacciAnalyzer::test_find_nearest_level PASSED [ 22%]
backend\tests\test_fib_rsi_strategy.py::TestFibonacciAnalyzer::test_is_price_near_level PASSED [ 22%]
backend\tests\test_fib_rsi_strategy.py::TestFibonacciAnalyzer::test_fibonacci_empty_candles PASSED [ 22%]
backend\tests\test_fib_rsi_strategy.py::TestSignalCandidate::test_signal_creation PASSED [ 22%]
backend\tests\test_fib_rsi_strategy.py::TestSignalCandidate::test_signal_validation_buy_prices PASSED [ 22%]
backend\tests\test_fib_rsi_strategy.py::TestSignalCandidate::test_signal_validation_buy_invalid_sl PASSED [ 22%]
backend\tests\test_fib_rsi_strategy.py::TestSignalCandidate::test_signal_get_risk_pips PASSED [ 22%]
backend\tests\test_fib_rsi_strategy.py::TestSignalCandidate::test_signal_get_rr_ratio PASSED [ 22%]
backend\tests\test_fib_rsi_strategy.py::TestExecutionPlan::test_execution_plan_creation PASSED [ 22%]
backend\tests\test_fib_rsi_strategy.py::TestExecutionPlan::test_execution_plan_is_expired_false PASSED [ 22%]
backend\tests\test_fib_rsi_strategy.py::TestExecutionPlan::test_execution_plan_is_expired_true PASSED [ 22%]
backend\tests\test_fib_rsi_strategy.py::TestStrategyEngine::test_engine_initialization PASSED [ 23%]
backend\tests\test_fib_rsi_strategy.py::TestStrategyEngine::test_generate_signal_with_valid_data PASSED [ 23%]
backend\tests\test_fib_rsi_strategy.py::TestStrategyEngine::test_generate_signal_invalid_dataframe PASSED [ 23%]
backend\tests\test_fib_rsi_strategy.py::TestStrategyEngine::test_generate_signal_insufficient_data PASSED [ 23%]
backend\tests\test_fib_rsi_strategy.py::TestStrategyEngine::test_generate_signal_market_closed PASSED [ 23%]
backend\tests\test_fib_rsi_strategy.py::TestStrategyEngine::test_validate_dataframe_missing_columns PASSED [ 23%]
backend\tests\test_fib_rsi_strategy.py::TestStrategyEngine::test_validate_dataframe_with_nan PASSED [ 23%]
backend\tests\test_fib_rsi_strategy.py::TestStrategyEngine::test_generate_buy_signal_with_indicators PASSED [ 23%]
backend\tests\test_fib_rsi_strategy.py::TestStrategyEngine::test_generate_sell_signal_with_indicators PASSED [ 23%]
backend\tests\test_fib_rsi_strategy.py::TestStrategyEngine::test_signal_entry_sl_tp_relationship_buy PASSED [ 23%]
backend\tests\test_fib_rsi_strategy.py::TestStrategyEngine::test_signal_entry_sl_tp_relationship_sell PASSED [ 23%]
backend\tests\test_fib_rsi_strategy.py::TestStrategyEngine::test_rate_limit_resets_over_time PASSED [ 23%]
backend\tests\test_fib_rsi_strategy.py::TestStrategyEngine::test_signal_timestamp_set PASSED [ 23%]
backend\tests\test_fib_rsi_strategy.py::TestStrategyEngine::test_signal_rr_ratio_configuration PASSED [ 23%]
backend\tests\test_fib_rsi_strategy.py::TestStrategyEngine::test_engine_with_different_instruments PASSED [ 24%]
backend\tests\test_fib_rsi_strategy.py::TestStrategyEngine::test_engine_confidence_varies_with_indicators PASSED [ 24%]
backend\tests\test_fib_rsi_strategy.py::TestIntegration::test_complete_signal_workflow PASSED [ 24%]
backend\tests\test_fib_rsi_strategy.py::TestIntegration::test_indicators_comprehensive PASSED [ 24%]
backend\tests\test_fib_rsi_strategy.py::TestIntegration::test_signal_to_execution_plan PASSED [ 24%]
backend\tests\test_fib_rsi_strategy_phase4.py::TestRSIPatternDetectorShort::test_short_simple_pattern PASSED [ 24%]
backend\tests\test_fib_rsi_strategy_phase4.py::TestRSIPatternDetectorShort::test_short_entry_calculation_fib_0_74 PASSED [ 24%]
backend\tests\test_fib_rsi_strategy_phase4.py::TestRSIPatternDetectorShort::test_short_sl_calculation_fib_0_27 PASSED [ 24%]
backend\tests\test_fib_rsi_strategy_phase4.py::TestRSIPatternDetectorShort::test_short_pattern_incomplete_no_rsi_below_40 PASSED [ 24%]
backend\tests\test_fib_rsi_strategy_phase4.py::TestRSIPatternDetectorShort::test_short_pattern_respects_100_hour_window PASSED [ 24%]
backend\tests\test_fib_rsi_strategy_phase4.py::TestRSIPatternDetectorShort::test_short_tracks_highest_price_while_rsi_above_70 PASSED [ 24%]
backend\tests\test_fib_rsi_strategy_phase4.py::TestRSIPatternDetectorShort::test_short_tracks_lowest_price_when_rsi_below_40 PASSED [ 24%]
backend\tests\test_fib_rsi_strategy_phase4.py::TestRSIPatternDetectorShort::test_short_invalid_if_high_not_greater_than_low PASSED [ 24%]
backend\tests\test_fib_rsi_strategy_phase4.py::TestRSIPatternDetectorShort::test_short_multiple_crossings_uses_most_recent PASSED [ 25%]
backend\tests\test_fib_rsi_strategy_phase4.py::TestRSIPatternDetectorLong::test_long_simple_pattern PASSED [ 25%]
backend\tests\test_fib_rsi_strategy_phase4.py::TestRSIPatternDetectorLong::test_long_entry_calculation_fib_0_74 PASSED [ 25%]
backend\tests\test_fib_rsi_strategy_phase4.py::TestRSIPatternDetectorLong::test_long_sl_calculation_fib_0_27 PASSED [ 25%]
backend\tests\test_fib_rsi_strategy_phase4.py::TestRSIPatternDetectorLong::test_long_pattern_incomplete_no_rsi_above_70 PASSED [ 25%]
backend\tests\test_fib_rsi_strategy_phase4.py::TestRSIPatternDetectorLong::test_long_pattern_respects_100_hour_window PASSED [ 25%]
backend\tests\test_fib_rsi_strategy_phase4.py::TestRSIPatternDetectorLong::test_long_tracks_lowest_price_while_rsi_below_40 PASSED [ 25%]
backend\tests\test_fib_rsi_strategy_phase4.py::TestRSIPatternDetectorLong::test_long_tracks_highest_price_when_rsi_above_70 PASSED [ 25%]
backend\tests\test_fib_rsi_strategy_phase4.py::TestRSIPatternDetectorEdgeCases::test_invalid_dataframe_missing_rsi_column PASSED [ 25%]
backend\tests\test_fib_rsi_strategy_phase4.py::TestRSIPatternDetectorEdgeCases::test_invalid_dataframe_empty PASSED [ 25%]
backend\tests\test_fib_rsi_strategy_phase4.py::TestRSIPatternDetectorEdgeCases::test_insufficient_data_less_than_2_rows PASSED [ 25%]
backend\tests\test_fib_rsi_strategy_phase4.py::TestRSIPatternDetectorEdgeCases::test_rsi_bounces_at_threshold_no_crossing PASSED [ 25%]
backend\tests\test_fib_rsi_strategy_phase4.py::TestRSIPatternDetectorEdgeCases::test_rsi_gap_jump_counts_as_crossing PASSED [ 25%]
backend\tests\test_fib_rsi_strategy_phase4.py::TestRSIPatternDetectorEdgeCases::test_custom_thresholds PASSED [ 25%]
backend\tests\test_fib_rsi_strategy_phase4.py::TestRSIPatternDetectorEdgeCases::test_setup_age_calculation PASSED [ 26%]
backend\tests\test_fib_rsi_strategy_phase4.py::TestStrategyEngineSignalGeneration::test_engine_initialization PASSED [ 26%]
backend\tests\test_fib_rsi_strategy_phase4.py::TestStrategyEngineSignalGeneration::test_generate_signal_with_short_pattern PASSED [ 26%]
backend\tests\test_fib_rsi_strategy_phase4.py::TestStrategyEngineSignalGeneration::test_generate_signal_with_long_pattern PASSED [ 26%]
backend\tests\test_fib_rsi_strategy_phase4.py::TestStrategyEngineSignalGeneration::test_generate_signal_market_closed PASSED [ 26%]
backend\tests\test_fib_rsi_strategy_phase4.py::TestStrategyEngineSignalGeneration::test_generate_signal_invalid_dataframe PASSED [ 26%]
backend\tests\test_fib_rsi_strategy_phase4.py::TestStrategyEngineSignalGeneration::test_generate_signal_insufficient_data PASSED [ 26%]
backend\tests\test_fib_rsi_strategy_phase4.py::TestSignalCandidate::test_signal_creation PASSED [ 26%]
backend\tests\test_fib_rsi_strategy_phase4.py::TestSignalCandidate::test_signal_validation_buy_prices PASSED [ 26%]
backend\tests\test_fib_rsi_strategy_phase4.py::TestSignalCandidate::test_signal_validation_sell_prices PASSED [ 26%]
backend\tests\test_fib_rsi_strategy_phase4.py::TestSignalCandidate::test_signal_rr_ratio_calculation PASSED [ 26%]
backend\tests\test_fib_rsi_strategy_phase4.py::TestExecutionPlan::test_execution_plan_creation PASSED [ 26%]
backend\tests\test_fib_rsi_strategy_phase4.py::TestExecutionPlan::test_execution_plan_not_expired PASSED [ 26%]
backend\tests\test_fib_rsi_strategy_phase4.py::TestExecutionPlan::test_execution_plan_is_expired PASSED [ 26%]
backend\tests\test_fib_rsi_strategy_phase4.py::TestAcceptanceCriteria::test_short_pattern_detection_matches_reference PASSED [ 27%]
backend\tests\test_fib_rsi_strategy_phase4.py::TestAcceptanceCriteria::test_long_pattern_detection_matches_reference PASSED [ 27%]
backend\tests\test_fib_rsi_strategy_phase4.py::TestAcceptanceCriteria::test_entry_price_fibonacci_0_74 PASSED [ 27%]
backend\tests\test_fib_rsi_strategy_phase4.py::TestAcceptanceCriteria::test_sl_price_fibonacci_0_27 PASSED [ 27%]
backend\tests\test_fib_rsi_strategy_phase4.py::TestAcceptanceCriteria::test_rr_ratio_3_25_validation PASSED [ 27%]
backend\tests\test_fib_rsi_strategy_phase4.py::TestAcceptanceCriteria::test_no_false_signals_on_rsi_bounces PASSED [ 27%]
backend\tests\test_fib_rsi_strategy_phase4.py::TestAcceptanceCriteria::test_100_hour_window_enforced PASSED [ 27%]
backend\tests\test_fib_rsi_strategy_phase4.py::TestIntegration::test_complete_short_signal_generation PASSED [ 27%]
backend\tests\test_fib_rsi_strategy_phase4.py::TestIntegration::test_complete_long_signal_generation PASSED [ 27%]
backend\tests\test_fib_rsi_strategy_phase5_verification.py::TestPatternDetectionAccuracy::test_short_pattern_fibonacci_accuracy PASSED [ 27%]
backend\tests\test_fib_rsi_strategy_phase5_verification.py::TestPatternDetectionAccuracy::test_long_pattern_fibonacci_accuracy PASSED [ 27%]
backend\tests\test_fib_rsi_strategy_phase5_verification.py::TestEngineSignalGeneration::test_short_signal_generation PASSED [ 27%]
backend\tests\test_fib_rsi_strategy_phase5_verification.py::TestEngineSignalGeneration::test_long_signal_generation PASSED [ 27%]
backend\tests\test_fib_rsi_strategy_phase5_verification.py::TestRiskRewardCalculations::test_short_pattern_rr_ratio PASSED [ 27%]
backend\tests\test_fib_rsi_strategy_phase5_verification.py::TestRiskRewardCalculations::test_long_pattern_rr_ratio PASSED [ 28%]
backend\tests\test_fib_rsi_strategy_phase5_verification.py::TestWindowEnforcement::test_short_pattern_window_timeout PASSED [ 28%]
backend\tests\test_fib_rsi_strategy_phase5_verification.py::TestWindowEnforcement::test_long_pattern_window_timeout PASSED [ 28%]
backend\tests\test_fib_rsi_strategy_phase5_verification.py::TestEngineCoverageExpansion::test_engine_with_custom_params PASSED [ 28%]
backend\tests\test_fib_rsi_strategy_phase5_verification.py::TestEngineCoverageExpansion::test_strategy_params_validation PASSED [ 28%]
backend\tests\test_fib_rsi_strategy_phase5_verification.py::TestEngineCoverageExpansion::test_pattern_detector_threshold_validation PASSED [ 28%]
backend\tests\test_fib_rsi_strategy_phase5_verification.py::TestPhase5Integration::test_complete_short_workflow PASSED [ 28%]
backend\tests\test_fib_rsi_strategy_phase5_verification.py::TestPhase5Integration::test_complete_long_workflow PASSED [ 28%]
backend\tests\test_fib_rsi_strategy_phase5_verification.py::TestPhase5AcceptanceCriteria::test_criterion_1_entry_accuracy PASSED [ 28%]
backend\tests\test_fib_rsi_strategy_phase5_verification.py::TestPhase5AcceptanceCriteria::test_criterion_2_sl_exact_match PASSED [ 28%]
backend\tests\test_fib_rsi_strategy_phase5_verification.py::TestPhase5AcceptanceCriteria::test_criterion_3_tp_rr_3_25 PASSED [ 28%]
backend\tests\test_fib_rsi_strategy_phase5_verification.py::TestPhase5AcceptanceCriteria::test_criterion_4_pattern_timing PASSED [ 28%]
backend\tests\test_fib_rsi_strategy_phase5_verification.py::TestPhase5AcceptanceCriteria::test_criterion_5_no_false_signals PASSED [ 28%]
backend\tests\test_fib_rsi_strategy_phase5_verification.py::TestPhase5AcceptanceCriteria::test_criterion_6_window_enforcement PASSED [ 28%]
backend\tests\test_header_validation_fix.py::TestMissingHeaderValidation::test_missing_required_header_returns_400 SKIPPED [ 29%]
backend\tests\test_header_validation_fix.py::TestMissingHeaderValidation::test_valid_header_passes SKIPPED [ 29%]
backend\tests\test_header_validation_fix.py::TestMissingHeaderValidation::test_error_response_includes_field_details SKIPPED [ 29%]
backend\tests\test_logging.py::TestJSONFormatter::test_format_basic_record PASSED [ 29%]
backend\tests\test_logging.py::TestJSONFormatter::test_format_with_request_id PASSED [ 29%]
backend\tests\test_logging.py::TestLoggingConfiguration::test_configure_logging_succeeds PASSED [ 29%]
backend\tests\test_logging.py::TestLoggingConfiguration::test_get_logger_returns_adapter PASSED [ 29%]
backend\tests\test_logging.py::TestLoggingConfiguration::test_logger_has_valid_name PASSED [ 29%]
backend\tests\test_market_calendar.py::TestMarketCalendarBasics::test_gold_market_open_london_hours PASSED [ 29%]
backend\tests\test_market_calendar.py::TestMarketCalendarBasics::test_gold_market_closed_before_london_open PASSED [ 29%]
backend\tests\test_market_calendar.py::TestMarketCalendarBasics::test_gold_market_closed_after_london_close PASSED [ 29%]
backend\tests\test_market_calendar.py::TestMarketCalendarBasics::test_gold_market_closed_weekend PASSED [ 29%]
backend\tests\test_market_calendar.py::TestMarketCalendarBasics::test_nasdaq_market_open_new_york_hours PASSED [ 29%]
backend\tests\test_market_calendar.py::TestMarketCalendarBasics::test_nasdaq_market_closed_before_ny_open PASSED [ 29%]
backend\tests\test_market_calendar.py::TestMarketCalendarBasics::test_nasdaq_market_closed_after_ny_close PASSED [ 30%]
backend\tests\test_market_calendar.py::TestMarketCalendarBasics::test_crypto_market_open_weekday PASSED [ 30%]
backend\tests\test_market_calendar.py::TestMarketCalendarBasics::test_crypto_market_closed_weekend PASSED [ 30%]
backend\tests\test_market_calendar.py::TestMarketCalendarBasics::test_unknown_symbol_raises_error PASSED [ 30%]
backend\tests\test_market_calendar.py::TestMarketCalendarBasics::test_naive_datetime_raises_error_or_converts PASSED [ 30%]
backend\tests\test_market_calendar.py::TestMarketOpen::test_market_open_at_exact_open_time PASSED [ 30%]
backend\tests\test_market_calendar.py::TestMarketOpen::test_market_closed_at_exact_close_time PASSED [ 30%]
backend\tests\test_market_calendar.py::TestMarketOpen::test_market_open_one_second_before_close PASSED [ 30%]
backend\tests\test_market_calendar.py::TestMarketOpen::test_all_weekdays_are_trading_days PASSED [ 30%]
backend\tests\test_market_calendar.py::TestMarketOpen::test_sunday_is_closed PASSED [ 30%]
backend\tests\test_market_calendar.py::TestTimezoneConversions::test_to_market_tz_utc_to_london PASSED [ 30%]
backend\tests\test_market_calendar.py::TestTimezoneConversions::test_to_market_tz_utc_to_newyork PASSED [ 30%]
backend\tests\test_market_calendar.py::TestTimezoneConversions::test_to_utc_london_to_utc PASSED [ 30%]
backend\tests\test_market_calendar.py::TestTimezoneConversions::test_to_utc_newyork_to_utc PASSED [ 30%]
backend\tests\test_market_calendar.py::TestTimezoneConversions::test_conversion_roundtrip PASSED [ 31%]
backend\tests\test_market_calendar.py::TestTimezoneConversions::test_to_market_tz_unknown_symbol_raises PASSED [ 31%]
backend\tests\test_market_calendar.py::TestTimezoneConversions::test_to_utc_unknown_symbol_raises PASSED [ 31%]
backend\tests\test_market_calendar.py::TestTimezoneConversions::test_to_utc_naive_datetime_raises PASSED [ 31%]
backend\tests\test_market_calendar.py::TestDSTHandling::test_is_dst_transition_spring_forward PASSED [ 31%]
backend\tests\test_market_calendar.py::TestDSTHandling::test_is_dst_transition_fall_back PASSED [ 31%]
backend\tests\test_market_calendar.py::TestDSTHandling::test_is_not_dst_transition_normal_time PASSED [ 31%]
backend\tests\test_market_calendar.py::TestDSTHandling::test_is_dst_transition_invalid_timezone_raises PASSED [ 31%]
backend\tests\test_market_calendar.py::TestDSTHandling::test_gold_market_conversion_during_dst PASSED [ 31%]
backend\tests\test_market_calendar.py::TestDSTHandling::test_nasdaq_market_conversion_during_dst PASSED [ 31%]
backend\tests\test_market_calendar.py::TestGetSession::test_get_session_gold PASSED [ 31%]
backend\tests\test_market_calendar.py::TestGetSession::test_get_session_nasdaq PASSED [ 31%]
backend\tests\test_market_calendar.py::TestGetSession::test_get_session_unknown_symbol_raises PASSED [ 31%]
backend\tests\test_market_calendar.py::TestGetSession::test_session_trading_days PASSED [ 32%]
backend\tests\test_market_calendar.py::TestGetNextOpen::test_get_next_open_same_day PASSED [ 32%]
backend\tests\test_market_calendar.py::TestGetNextOpen::test_get_next_open_after_close PASSED [ 32%]
backend\tests\test_market_calendar.py::TestGetNextOpen::test_get_next_open_friday_evening PASSED [ 32%]
backend\tests\test_market_calendar.py::TestGetNextOpen::test_get_next_open_weekend PASSED [ 32%]
backend\tests\test_market_calendar.py::TestGetNextOpen::test_get_next_open_default_now PASSED [ 32%]
backend\tests\test_market_calendar.py::TestMarketStatus::test_market_status_structure PASSED [ 32%]
backend\tests\test_market_calendar.py::TestMarketStatus::test_market_status_open PASSED [ 32%]
backend\tests\test_market_calendar.py::TestMarketStatus::test_market_status_closed PASSED [ 32%]
backend\tests\test_market_calendar.py::TestGetOffsetUTC::test_offset_london_winter PASSED [ 32%]
backend\tests\test_market_calendar.py::TestGetOffsetUTC::test_offset_london_summer PASSED [ 32%]
backend\tests\test_market_calendar.py::TestGetOffsetUTC::test_offset_newyork_winter PASSED [ 32%]
backend\tests\test_market_calendar.py::TestGetOffsetUTC::test_offset_newyork_summer PASSED [ 32%]
backend\tests\test_market_calendar.py::TestGetOffsetUTC::test_offset_invalid_timezone_raises PASSED [ 32%]
backend\tests\test_market_calendar.py::TestIsSameDayInTZ::test_same_day_london_utc_midnight PASSED [ 33%]
backend\tests\test_market_calendar.py::TestIsSameDayInTZ::test_different_day_newyork_from_utc_midnight PASSED [ 33%]
backend\tests\test_market_calendar.py::TestIsSameDayInTZ::test_utc_afternoon_crosses_to_next_day_tokyo PASSED [ 33%]
backend\tests\test_market_calendar.py::TestEdgeCases::test_market_open_midnight_in_utc PASSED [ 33%]
backend\tests\test_market_calendar.py::TestEdgeCases::test_market_open_last_second_of_day PASSED [ 33%]
backend\tests\test_market_calendar.py::TestEdgeCases::test_type_error_on_invalid_input PASSED [ 33%]
backend\tests\test_market_calendar.py::TestEdgeCases::test_all_symbols_have_valid_timezone PASSED [ 33%]
backend\tests\test_market_calendar.py::TestEdgeCases::test_all_symbols_mapped_to_session PASSED [ 33%]
backend\tests\test_middleware.py::test_request_id_generated_if_missing SKIPPED [ 33%]
backend\tests\test_middleware.py::test_request_id_preserved_if_provided SKIPPED [ 33%]
backend\tests\test_middleware.py::test_request_id_in_response_body SKIPPED [ 33%]
backend\tests\test_migrations.py::test_migration_0001_creates_users_table PASSED [ 33%]
backend\tests\test_migrations.py::test_migration_0001_creates_audit_logs_table PASSED [ 33%]
backend\tests\test_migrations.py::test_migration_0001_creates_indexes PASSED [ 33%]
backend\tests\test_migrations.py::test_users_table_enforces_email_unique PASSED [ 34%]
backend\tests\test_migrations.py::test_audit_logs_is_immutable PASSED    [ 34%]
backend\tests\test_mt5_session.py::TestMT5SessionManagerInit::test_init_creates_manager PASSED [ 34%]
backend\tests\test_mt5_session.py::TestMT5SessionManagerInit::test_connection_info_returns_dict PASSED [ 34%]
backend\tests\test_mt5_session.py::TestMT5SessionManagerInit::test_is_healthy_when_disconnected PASSED [ 34%]
backend\tests\test_mt5_session.py::TestMT5SessionManagerInit::test_is_healthy_when_connected PASSED [ 34%]
backend\tests\test_mt5_session.py::TestMT5SessionManagerInit::test_is_healthy_when_breaker_open PASSED [ 34%]
backend\tests\test_mt5_session.py::TestMT5Connect::test_connect_success PASSED [ 34%]
backend\tests\test_mt5_session.py::TestMT5Connect::test_connect_init_failure PASSED [ 34%]
backend\tests\test_mt5_session.py::TestMT5Connect::test_connect_auth_failure PASSED [ 34%]
backend\tests\test_mt5_session.py::TestMT5Connect::test_connect_circuit_breaker_opens_after_max_failures PASSED [ 34%]
backend\tests\test_mt5_session.py::TestMT5Connect::test_connect_resets_failure_on_success PASSED [ 34%]
backend\tests\test_mt5_session.py::TestMT5EnsureConnected::test_ensure_connected_when_already_connected PASSED [ 34%]
backend\tests\test_mt5_session.py::TestMT5EnsureConnected::test_ensure_connected_reconnects_when_disconnected PASSED [ 34%]
backend\tests\test_mt5_session.py::TestMT5Shutdown::test_shutdown_when_connected PASSED [ 35%]
backend\tests\test_mt5_session.py::TestMT5Shutdown::test_shutdown_when_disconnected PASSED [ 35%]
backend\tests\test_mt5_session.py::TestMT5Shutdown::test_shutdown_handles_errors PASSED [ 35%]
backend\tests\test_mt5_session.py::TestMT5SessionContext::test_session_context_manages_lifecycle PASSED [ 35%]
backend\tests\test_mt5_session.py::TestMT5SessionContext::test_session_context_propagates_errors PASSED [ 35%]
backend\tests\test_mt5_session.py::TestMT5Backoff::test_backoff_calculation PASSED [ 35%]
backend\tests\test_mt5_session.py::TestMT5Backoff::test_backoff_max_cap PASSED [ 35%]
backend\tests\test_mt5_session.py::TestMT5HealthProbe::test_probe_when_healthy PASSED [ 35%]
backend\tests\test_mt5_session.py::TestMT5HealthProbe::test_probe_when_unhealthy PASSED [ 35%]
backend\tests\test_observability.py::TestMetricsCollector::test_metrics_collector_initialization PASSED [ 35%]
backend\tests\test_observability.py::TestMetricsCollector::test_record_http_request PASSED [ 35%]
backend\tests\test_observability.py::TestMetricsCollector::test_record_login_attempt_success PASSED [ 35%]
backend\tests\test_observability.py::TestMetricsCollector::test_record_login_attempt_failure PASSED [ 35%]
backend\tests\test_observability.py::TestMetricsCollector::test_record_rate_limit_rejection PASSED [ 35%]
backend\tests\test_observability.py::TestMetricsCollector::test_record_error PASSED [ 36%]
backend\tests\test_observability.py::TestMetricsCollector::test_record_audit_event PASSED [ 36%]
backend\tests\test_observability.py::TestMetricsCollector::test_set_redis_connected PASSED [ 36%]
backend\tests\test_observability.py::TestMetricsCollector::test_get_metrics_singleton PASSED [ 36%]
backend\tests\test_observability.py::TestMetricsExposure::test_metrics_endpoint PASSED [ 36%]
backend\tests\test_observability.py::TestMetricsInstrumentation::test_http_request_instrumentation PASSED [ 36%]
backend\tests\test_observability.py::TestMetricsInstrumentation::test_business_metrics_placeholder PASSED [ 36%]
backend\tests\test_order_construction_pr015.py::TestOrderParamsSchema::test_order_params_creation_valid PASSED [ 36%]
backend\tests\test_order_construction_pr015.py::TestOrderParamsSchema::test_order_params_symbol_validation PASSED [ 36%]
backend\tests\test_order_construction_pr015.py::TestOrderParamsSchema::test_order_params_symbol_case_insensitive PASSED [ 36%]
backend\tests\test_order_construction_pr015.py::TestOrderParamsSchema::test_order_params_rr_ratio_validation PASSED [ 36%]
backend\tests\test_order_construction_pr015.py::TestOrderParamsSchema::test_order_params_tp_not_equal_sl PASSED [ 36%]
backend\tests\test_order_construction_pr015.py::TestOrderParamsSchema::test_order_params_volume_validation PASSED [ 36%]
backend\tests\test_order_construction_pr015.py::TestOrderParamsSchema::test_order_params_volume_too_large PASSED [ 36%]
backend\tests\test_order_construction_pr015.py::TestOrderParamsSchema::test_order_params_expiry_must_be_future PASSED [ 37%]
backend\tests\test_order_construction_pr015.py::TestOrderParamsSchema::test_order_params_is_buy_order PASSED [ 37%]
backend\tests\test_order_construction_pr015.py::TestOrderParamsSchema::test_order_params_is_sell_order PASSED [ 37%]
backend\tests\test_order_construction_pr015.py::TestExpiryCalculation::test_compute_expiry_default_hours PASSED [ 37%]
backend\tests\test_order_construction_pr015.py::TestExpiryCalculation::test_compute_expiry_custom_hours PASSED [ 37%]
backend\tests\test_order_construction_pr015.py::TestExpiryCalculation::test_compute_expiry_zero_hours PASSED [ 37%]
backend\tests\test_order_construction_pr015.py::TestExpiryCalculation::test_compute_expiry_multiple_days PASSED [ 37%]
backend\tests\test_order_construction_pr015.py::TestExpiryCalculation::test_compute_expiry_type_validation PASSED [ 37%]
backend\tests\test_order_construction_pr015.py::TestExpiryCalculation::test_compute_expiry_negative_hours_validation PASSED [ 37%]
backend\tests\test_order_construction_pr015.py::TestExpiryCalculation::test_compute_expiry_fractional_hours PASSED [ 37%]
backend\tests\test_order_construction_pr015.py::TestConstraintEnforcement::test_min_sl_distance_buy_sufficient PASSED [ 37%]
backend\tests\test_order_construction_pr015.py::TestConstraintEnforcement::test_min_sl_distance_buy_violation PASSED [ 37%]
backend\tests\test_order_construction_pr015.py::TestConstraintEnforcement::test_min_sl_distance_buy_serious_violation PASSED [ 37%]
backend\tests\test_order_construction_pr015.py::TestConstraintEnforcement::test_min_sl_distance_sell_sufficient PASSED [ 38%]
backend\tests\test_order_construction_pr015.py::TestConstraintEnforcement::test_min_sl_distance_sell_violation PASSED [ 38%]
backend\tests\test_order_construction_pr015.py::TestConstraintEnforcement::test_round_to_tick_nearest PASSED [ 38%]
backend\tests\test_order_construction_pr015.py::TestConstraintEnforcement::test_round_to_tick_up PASSED [ 38%]
backend\tests\test_order_construction_pr015.py::TestConstraintEnforcement::test_round_to_tick_down PASSED [ 38%]
backend\tests\test_order_construction_pr015.py::TestConstraintEnforcement::test_round_to_tick_already_aligned PASSED [ 38%]
backend\tests\test_order_construction_pr015.py::TestConstraintEnforcement::test_validate_rr_ratio_sufficient_buy PASSED [ 38%]
backend\tests\test_order_construction_pr015.py::TestConstraintEnforcement::test_validate_rr_ratio_insufficient_buy PASSED [ 38%]
backend\tests\test_order_construction_pr015.py::TestConstraintEnforcement::test_validate_rr_ratio_sufficient_sell PASSED [ 38%]
backend\tests\test_order_construction_pr015.py::TestConstraintEnforcement::test_validate_rr_ratio_boundary PASSED [ 38%]
backend\tests\test_order_construction_pr015.py::TestOrderBuilder::test_build_order_buy_valid PASSED [ 38%]
backend\tests\test_order_construction_pr015.py::TestOrderBuilder::test_build_order_sell_valid PASSED [ 38%]
backend\tests\test_order_construction_pr015.py::TestOrderBuilder::test_build_order_expiry_calculation PASSED [ 38%]
backend\tests\test_order_construction_pr015.py::TestOrderBuilder::test_build_order_missing_signal PASSED [ 38%]
backend\tests\test_order_construction_pr015.py::TestOrderBuilder::test_build_order_missing_entry_price PASSED [ 39%]
backend\tests\test_order_construction_pr015.py::TestOrderBuilder::test_build_order_buy_invalid_prices PASSED [ 39%]
backend\tests\test_order_construction_pr015.py::TestOrderBuilder::test_build_order_sell_invalid_prices PASSED [ 39%]
backend\tests\test_order_construction_pr015.py::TestOrderBuilder::test_build_order_rr_too_low PASSED [ 39%]
backend\tests\test_order_construction_pr015.py::TestOrderBuilder::test_build_orders_batch_success PASSED [ 39%]
backend\tests\test_order_construction_pr015.py::TestOrderBuilder::test_build_orders_batch_partial_failure PASSED [ 39%]
backend\tests\test_order_construction_pr015.py::TestIntegrationWorkflows::test_complete_buy_workflow PASSED [ 39%]
backend\tests\test_order_construction_pr015.py::TestIntegrationWorkflows::test_complete_sell_workflow PASSED [ 39%]
backend\tests\test_order_construction_pr015.py::TestIntegrationWorkflows::test_workflow_with_constraint_adjustments PASSED [ 39%]
backend\tests\test_order_construction_pr015.py::TestAcceptanceCriteria::test_criterion_1_schema_completeness PASSED [ 39%]
backend\tests\test_order_construction_pr015.py::TestAcceptanceCriteria::test_criterion_2_builder_creates_valid_orders PASSED [ 39%]
backend\tests\test_order_construction_pr015.py::TestAcceptanceCriteria::test_criterion_3_min_sl_distance_enforced PASSED [ 39%]
backend\tests\test_order_construction_pr015.py::TestAcceptanceCriteria::test_criterion_4_rr_validation_enforced PASSED [ 39%]
backend\tests\test_order_construction_pr015.py::TestAcceptanceCriteria::test_criterion_5_expiry_calculation PASSED [ 39%]
backend\tests\test_order_construction_pr015.py::TestAcceptanceCriteria::test_criterion_6_e2e_signal_to_order PASSED [ 40%]
backend\tests\test_order_construction_pr015.py::TestEdgeCases::test_round_to_tick_very_small_price PASSED [ 40%]
backend\tests\test_order_construction_pr015.py::TestEdgeCases::test_round_to_tick_very_large_price PASSED [ 40%]
backend\tests\test_order_construction_pr015.py::TestEdgeCases::test_build_order_prices_rounding PASSED [ 40%]
backend\tests\test_order_construction_pr015.py::TestEdgeCases::test_validate_rr_boundary_ratio PASSED [ 40%]
backend\tests\test_outbound_client.py::TestHmacClientInitialization::test_hmac_client_init PASSED [ 40%]
backend\tests\test_outbound_client.py::TestHmacClientInitialization::test_hmac_client_init_invalid_config PASSED [ 40%]
backend\tests\test_outbound_client.py::TestHmacClientInitialization::test_hmac_client_repr PASSED [ 40%]
backend\tests\test_outbound_client.py::TestHmacClientContextManager::test_client_context_manager PASSED [ 40%]
backend\tests\test_outbound_client.py::TestHmacClientContextManager::test_client_closes_session PASSED [ 40%]
backend\tests\test_outbound_client.py::TestHmacClientPostSignal::test_post_signal_success PASSED [ 40%]
backend\tests\test_outbound_client.py::TestHmacClientPostSignal::test_post_signal_validates_empty_instrument PASSED [ 40%]
backend\tests\test_outbound_client.py::TestHmacClientPostSignal::test_post_signal_validates_invalid_side PASSED [ 40%]
backend\tests\test_outbound_client.py::TestHmacClientPostSignal::test_post_signal_validates_negative_price PASSED [ 40%]
backend\tests\test_outbound_client.py::TestHmacClientPostSignal::test_post_signal_validates_body_size PASSED [ 41%]
backend\tests\test_outbound_client.py::TestHmacClientPostSignal::test_post_signal_handles_http_400 PASSED [ 41%]
backend\tests\test_outbound_client.py::TestHmacClientPostSignal::test_post_signal_handles_http_500 PASSED [ 41%]
backend\tests\test_outbound_client.py::TestHmacClientPostSignal::test_post_signal_handles_timeout PASSED [ 41%]
backend\tests\test_outbound_client.py::TestHmacClientPostSignal::test_post_signal_headers_include_signature PASSED [ 41%]
backend\tests\test_outbound_client.py::TestHmacClientSerialization::test_serialize_signal_canonical_order PASSED [ 41%]
backend\tests\test_outbound_client.py::TestHmacClientSerialization::test_serialize_signal_includes_all_fields PASSED [ 41%]
backend\tests\test_outbound_client.py::TestHmacClientSerialization::test_serialize_signal_converts_decimals_to_floats PASSED [ 41%]
backend\tests\test_outbound_client.py::TestRFC3339Timestamp::test_get_rfc3339_timestamp_format PASSED [ 41%]
backend\tests\test_outbound_client.py::TestRFC3339Timestamp::test_get_rfc3339_timestamp_valid_format PASSED [ 41%]
backend\tests\test_outbound_client.py::TestHmacClientErrorMessages::test_pydantic_validation_provides_clear_errors PASSED [ 41%]
backend\tests\test_outbound_hmac.py::TestHmacSignatureGeneration::test_build_signature_happy_path PASSED [ 41%]
backend\tests\test_outbound_hmac.py::TestHmacSignatureGeneration::test_build_signature_deterministic PASSED [ 41%]
backend\tests\test_outbound_hmac.py::TestHmacSignatureGeneration::test_build_signature_sensitive_to_body PASSED [ 41%]
backend\tests\test_outbound_hmac.py::TestHmacSignatureGeneration::test_build_signature_sensitive_to_timestamp PASSED [ 42%]
backend\tests\test_outbound_hmac.py::TestHmacSignatureGeneration::test_build_signature_sensitive_to_producer_id PASSED [ 42%]
backend\tests\test_outbound_hmac.py::TestHmacSignatureVerification::test_verify_signature_valid PASSED [ 42%]
backend\tests\test_outbound_hmac.py::TestHmacSignatureVerification::test_verify_signature_invalid_signature PASSED [ 42%]
backend\tests\test_outbound_hmac.py::TestHmacSignatureVerification::test_verify_signature_invalid_body PASSED [ 42%]
backend\tests\test_outbound_hmac.py::TestHmacSignatureVerification::test_verify_signature_invalid_timestamp PASSED [ 42%]
backend\tests\test_outbound_hmac.py::TestHmacSignatureErrorHandling::test_build_signature_empty_secret_raises PASSED [ 42%]
backend\tests\test_outbound_hmac.py::TestHmacSignatureErrorHandling::test_build_signature_empty_body_raises PASSED [ 42%]
backend\tests\test_outbound_hmac.py::TestHmacSignatureErrorHandling::test_build_signature_empty_timestamp_raises PASSED [ 42%]
backend\tests\test_outbound_hmac.py::TestHmacSignatureErrorHandling::test_build_signature_empty_producer_id_raises PASSED [ 42%]
backend\tests\test_outbound_hmac.py::TestHmacSignatureErrorHandling::test_build_signature_invalid_timestamp_format_raises PASSED [ 42%]
backend\tests\test_outbound_hmac.py::TestHmacSignatureErrorHandling::test_build_signature_malformed_rfc3339_raises PASSED [ 42%]
backend\tests\test_outbound_hmac.py::TestHmacSignatureErrorHandling::test_build_signature_large_body_handled PASSED [ 42%]
backend\tests\test_outbound_hmac.py::TestHmacSignatureErrorHandling::test_verify_signature_invalid_timestamp_in_verification PASSED [ 42%]
backend\tests\test_outbound_hmac.py::TestHmacSignatureEdgeCases::test_build_signature_with_special_characters_in_producer_id PASSED [ 43%]
backend\tests\test_outbound_hmac.py::TestHmacSignatureEdgeCases::test_build_signature_with_unicode_in_body PASSED [ 43%]
backend\tests\test_outbound_hmac.py::TestHmacSignatureEdgeCases::test_build_signature_with_microseconds PASSED [ 43%]
backend\tests\test_outbound_hmac.py::TestHmacSignatureEdgeCases::test_build_signature_with_timezone_offset PASSED [ 43%]
backend\tests\test_outbound_hmac.py::TestHmacSignatureEdgeCases::test_build_signature_deterministic_across_calls PASSED [ 43%]
backend\tests\test_pr_019_complete.py::TestHeartbeatManager::test_init_valid PASSED [ 43%]
backend\tests\test_pr_019_complete.py::TestHeartbeatManager::test_init_invalid_interval PASSED [ 43%]
backend\tests\test_pr_019_complete.py::TestHeartbeatManager::test_emit_heartbeat_creates_metrics PASSED [ 43%]
backend\tests\test_pr_019_complete.py::TestHeartbeatManager::test_emit_heartbeat_concurrent_safe PASSED [ 43%]
backend\tests\test_pr_019_complete.py::TestHeartbeatManager::test_heartbeat_background_task_emits_periodically PASSED [ 43%]
backend\tests\test_pr_019_complete.py::TestEventEmitter::test_event_type_enum PASSED [ 43%]
backend\tests\test_pr_019_complete.py::TestEventEmitter::test_event_to_dict PASSED [ 43%]
backend\tests\test_pr_019_complete.py::TestEventEmitter::test_emit_signal_received PASSED [ 43%]
backend\tests\test_pr_019_complete.py::TestEventEmitter::test_emit_signal_approved PASSED [ 44%]
backend\tests\test_pr_019_complete.py::TestEventEmitter::test_emit_trade_executed PASSED [ 44%]
backend\tests\test_pr_019_complete.py::TestEventEmitter::test_emit_trade_failed PASSED [ 44%]
backend\tests\test_pr_019_complete.py::TestEventEmitter::test_emit_position_closed PASSED [ 44%]
backend\tests\test_pr_019_complete.py::TestGuards::test_guards_init_valid PASSED [ 44%]
backend\tests\test_pr_019_complete.py::TestGuards::test_guards_init_invalid_drawdown PASSED [ 44%]
backend\tests\test_pr_019_complete.py::TestGuards::test_guards_init_invalid_min_equity PASSED [ 44%]
backend\tests\test_pr_019_complete.py::TestGuards::test_check_and_enforce_no_trigger PASSED [ 44%]
backend\tests\test_pr_019_complete.py::TestGuards::test_check_and_enforce_max_drawdown_trigger PASSED [ 44%]
backend\tests\test_pr_019_complete.py::TestGuards::test_check_and_enforce_min_equity_trigger PASSED [ 44%]
backend\tests\test_pr_019_complete.py::TestGuards::test_check_and_enforce_with_alert_service PASSED [ 44%]
backend\tests\test_pr_019_complete.py::TestGuardsFunctions::test_enforce_max_drawdown_function PASSED [ 44%]
backend\tests\test_pr_019_complete.py::TestGuardsFunctions::test_min_equity_guard_function PASSED [ 44%]
backend\tests\test_pr_020_media.py::test_render_candlestick_and_cache PASSED [ 44%]
backend\tests\test_pr_020_media.py::test_equity_curve_render_and_storage PASSED [ 45%]
backend\tests\test_pr_020_media.py::test_render_histogram_pnl_distribution PASSED [ 45%]
backend\tests\test_pr_020_media.py::test_render_histogram_missing_column PASSED [ 45%]
backend\tests\test_pr_021_signals.py::TestSignalServiceHMAC::test_verify_hmac_valid_signature PASSED [ 45%]
backend\tests\test_pr_021_signals.py::TestSignalServiceHMAC::test_verify_hmac_invalid_signature PASSED [ 45%]
backend\tests\test_pr_021_signals.py::TestSignalServiceHMAC::test_verify_hmac_tampered_payload PASSED [ 45%]
backend\tests\test_pr_021_signals.py::TestSignalCreation::test_create_signal_valid PASSED [ 45%]
backend\tests\test_pr_021_signals.py::TestSignalCreation::test_create_signal_with_external_id PASSED [ 45%]
backend\tests\test_pr_021_signals.py::TestSignalCreation::test_create_signal_duplicate_external_id PASSED [ 45%]
backend\tests\test_pr_021_signals.py::TestSignalCreation::test_create_signal_dedup_window_same_instrument_version PASSED [ 45%]
backend\tests\test_pr_021_signals.py::TestSignalCreation::test_create_signal_dedup_window_different_version_allowed PASSED [ 45%]
backend\tests\test_pr_021_signals.py::TestSignalRetrieval::test_get_signal_by_id PASSED [ 45%]
backend\tests\test_pr_021_signals.py::TestSignalSettings::test_signals_settings_exist PASSED [ 45%]
backend\tests\test_pr_022_approvals.py::TestApprovalCreation::test_create_approval_valid PASSED [ 45%]
backend\tests\test_pr_022_approvals.py::TestApprovalCreation::test_create_approval_rejection PASSED [ 46%]
backend\tests\test_pr_022_approvals.py::TestApprovalCreation::test_create_approval_no_jwt_401 PASSED [ 46%]
backend\tests\test_pr_022_approvals.py::TestApprovalRetrieval::test_list_approvals_empty PASSED [ 46%]
backend\tests\test_pr_022_approvals.py::TestApprovalSecurity::test_create_approval_duplicate_409 PASSED [ 46%]
backend\tests\test_pr_022_approvals.py::TestApprovalSecurity::test_create_approval_not_owner_403 PASSED [ 46%]
backend\tests\test_pr_022_approvals.py::TestApprovalSecurity::test_create_approval_signal_not_found_404 PASSED [ 46%]
backend\tests\test_pr_023_phase2_mt5_sync.py::TestMT5Position::test_create_position_buy PASSED [ 46%]
backend\tests\test_pr_023_phase2_mt5_sync.py::TestMT5Position::test_unrealized_pnl_calculation PASSED [ 46%]
backend\tests\test_pr_023_phase2_mt5_sync.py::TestMT5Position::test_position_repr PASSED [ 46%]
backend\tests\test_pr_023_phase2_mt5_sync.py::TestMT5AccountSnapshot::test_create_snapshot PASSED [ 46%]
backend\tests\test_pr_023_phase2_mt5_sync.py::TestMT5AccountSnapshot::test_total_open_volume PASSED [ 46%]
backend\tests\test_pr_023_phase2_mt5_sync.py::TestMT5AccountSnapshot::test_unrealized_pnl_sum PASSED [ 46%]
backend\tests\test_pr_023_phase2_mt5_sync.py::TestMT5SyncService::test_find_matching_trade_success PASSED [ 46%]
backend\tests\test_pr_023_phase2_mt5_sync.py::TestMT5SyncService::test_find_matching_trade_no_match_symbol_mismatch PASSED [ 46%]
backend\tests\test_pr_023_phase2_mt5_sync.py::TestMT5SyncService::test_find_matching_trade_no_match_direction_mismatch PASSED [ 47%]
backend\tests\test_pr_023_phase2_mt5_sync.py::TestMT5SyncService::test_find_matching_trade_no_match_volume_mismatch PASSED [ 47%]
backend\tests\test_pr_023_phase2_mt5_sync.py::TestMT5SyncService::test_find_matching_trade_already_matched PASSED [ 47%]
backend\tests\test_pr_023_phase2_mt5_sync.py::TestMT5SyncService::test_detect_divergence_entry_slippage PASSED [ 47%]
backend\tests\test_pr_023_phase2_mt5_sync.py::TestMT5SyncService::test_detect_divergence_volume_mismatch PASSED [ 47%]
backend\tests\test_pr_023_phase2_mt5_sync.py::TestMT5SyncService::test_detect_divergence_tp_mismatch PASSED [ 47%]
backend\tests\test_pr_023_phase2_mt5_sync.py::TestMT5SyncService::test_detect_divergence_no_divergence PASSED [ 47%]
backend\tests\test_pr_023_phase2_mt5_sync.py::TestMT5SyncService::test_record_divergence PASSED [ 47%]
backend\tests\test_pr_023_phase2_mt5_sync.py::TestReconciliationScheduler::test_scheduler_initialization PASSED [ 47%]
backend\tests\test_pr_023_phase2_mt5_sync.py::TestReconciliationScheduler::test_get_status PASSED [ 47%]
backend\tests\test_pr_023_phase2_mt5_sync.py::TestReconciliationScheduler::test_scheduler_stop PASSED [ 47%]
backend\tests\test_pr_023_phase2_mt5_sync.py::TestReconciliationIntegration::test_full_sync_workflow PASSED [ 47%]
backend\tests\test_pr_023_phase2_mt5_sync.py::TestReconciliationIntegration::test_divergence_workflow PASSED [ 47%]
backend\tests\test_pr_023_phase2_mt5_sync.py::TestReconciliationIntegration::test_closed_position_workflow PASSED [ 47%]
backend\tests\test_pr_023_phase3_guards.py::TestDrawdownGuard::test_check_drawdown_within_threshold PASSED [ 48%]
backend\tests\test_pr_023_phase3_guards.py::TestDrawdownGuard::test_check_drawdown_warning_threshold PASSED [ 48%]
backend\tests\test_pr_023_phase3_guards.py::TestDrawdownGuard::test_check_drawdown_critical PASSED [ 48%]
backend\tests\test_pr_023_phase3_guards.py::TestDrawdownGuard::test_check_drawdown_below_min_equity PASSED [ 48%]
backend\tests\test_pr_023_phase3_guards.py::TestDrawdownGuard::test_check_drawdown_invalid_equity_negative PASSED [ 48%]
backend\tests\test_pr_023_phase3_guards.py::TestDrawdownGuard::test_check_drawdown_invalid_equity_zero PASSED [ 48%]
backend\tests\test_pr_023_phase3_guards.py::TestDrawdownGuard::test_check_drawdown_new_peak PASSED [ 48%]
backend\tests\test_pr_023_phase3_guards.py::TestDrawdownGuard::test_alert_user_before_close PASSED [ 48%]
backend\tests\test_pr_023_phase3_guards.py::TestMarketGuard::test_check_price_gap_normal PASSED [ 48%]
backend\tests\test_pr_023_phase3_guards.py::TestMarketGuard::test_check_price_gap_large_up PASSED [ 48%]
backend\tests\test_pr_023_phase3_guards.py::TestMarketGuard::test_check_price_gap_large_down PASSED [ 48%]
backend\tests\test_pr_023_phase3_guards.py::TestMarketGuard::test_check_liquidity_sufficient PASSED [ 48%]
backend\tests\test_pr_023_phase3_guards.py::TestMarketGuard::test_check_liquidity_wide_spread PASSED [ 48%]
backend\tests\test_pr_023_phase3_guards.py::TestMarketGuard::test_check_liquidity_invalid_prices PASSED [ 48%]
backend\tests\test_pr_023_phase3_guards.py::TestMarketGuard::test_mark_position_for_close PASSED [ 49%]
backend\tests\test_pr_023_phase3_guards.py::TestGuardIntegration::test_should_close_position_on_gap PASSED [ 49%]
backend\tests\test_pr_023_phase3_guards.py::TestGuardIntegration::test_should_close_position_on_spread PASSED [ 49%]
backend\tests\test_pr_023_phase3_guards.py::TestGuardIntegration::test_should_not_close_position_normal PASSED [ 49%]
backend\tests\test_pr_023_phase3_guards.py::TestGuardInstances::test_get_drawdown_guard_singleton PASSED [ 49%]
backend\tests\test_pr_023_phase3_guards.py::TestGuardInstances::test_get_market_guard_singleton PASSED [ 49%]
backend\tests\test_pr_023_phase4_auto_close.py::TestCloseResult::test_close_result_success_initialization PASSED [ 49%]
backend\tests\test_pr_023_phase4_auto_close.py::TestCloseResult::test_close_result_failure_with_error_message PASSED [ 49%]
backend\tests\test_pr_023_phase4_auto_close.py::TestCloseResult::test_close_result_auto_generates_close_id PASSED [ 49%]
backend\tests\test_pr_023_phase4_auto_close.py::TestBulkCloseResult::test_bulk_close_result_initialization PASSED [ 49%]
backend\tests\test_pr_023_phase4_auto_close.py::TestPositionCloser::test_close_position_valid_inputs PASSED [ 49%]
backend\tests\test_pr_023_phase4_auto_close.py::TestPositionCloser::test_close_position_with_override_price PASSED [ 49%]
backend\tests\test_pr_023_phase4_auto_close.py::TestPositionCloser::test_close_position_invalid_position_id PASSED [ 49%]
backend\tests\test_pr_023_phase4_auto_close.py::TestPositionCloser::test_close_position_invalid_ticket PASSED [ 50%]
backend\tests\test_pr_023_phase4_auto_close.py::TestPositionCloser::test_close_position_invalid_close_reason PASSED [ 50%]
backend\tests\test_pr_023_phase4_auto_close.py::TestPositionCloser::test_close_position_invalid_user_id PASSED [ 50%]
backend\tests\test_pr_023_phase4_auto_close.py::TestPositionCloser::test_close_position_idempotent PASSED [ 50%]
backend\tests\test_pr_023_phase4_auto_close.py::TestPositionCloser::test_close_position_different_positions_independent PASSED [ 50%]
backend\tests\test_pr_023_phase4_auto_close.py::TestBulkClosePositions::test_close_all_positions_empty_list PASSED [ 50%]
backend\tests\test_pr_023_phase4_auto_close.py::TestBulkClosePositions::test_close_all_positions_multiple_success PASSED [ 50%]
backend\tests\test_pr_023_phase4_auto_close.py::TestBulkClosePositions::test_close_all_positions_invalid_user_id PASSED [ 50%]
backend\tests\test_pr_023_phase4_auto_close.py::TestBulkClosePositions::test_close_all_positions_invalid_close_reason PASSED [ 50%]
backend\tests\test_pr_023_phase4_auto_close.py::TestBulkClosePositions::test_close_all_positions_with_invalid_position_data PASSED [ 50%]
backend\tests\test_pr_023_phase4_auto_close.py::TestBulkClosePositions::test_close_all_positions_error_isolation PASSED [ 50%]
backend\tests\test_pr_023_phase4_auto_close.py::TestCloseIfTriggered::test_close_position_if_triggered_valid PASSED [ 50%]
backend\tests\test_pr_023_phase4_auto_close.py::TestCloseIfTriggered::test_close_position_if_triggered_missing_ticket PASSED [ 50%]
backend\tests\test_pr_023_phase4_auto_close.py::TestCloseIfTriggered::test_close_position_if_triggered_invalid_position_id PASSED [ 50%]
backend\tests\test_pr_023_phase4_auto_close.py::TestCloseIfTriggered::test_close_position_if_triggered_invalid_guard_type PASSED [ 51%]
backend\tests\test_pr_023_phase4_auto_close.py::TestPositionCloserSingleton::test_get_position_closer_singleton PASSED [ 51%]
backend\tests\test_pr_023_phase4_auto_close.py::TestPositionCloserSingleton::test_get_position_closer_is_position_closer_instance PASSED [ 51%]
backend\tests\test_pr_023_phase4_auto_close.py::TestIntegration::test_close_multiple_positions_mixed_outcomes PASSED [ 51%]
backend\tests\test_pr_023_phase4_auto_close.py::TestIntegration::test_bulk_close_then_individual_close PASSED [ 51%]
backend\tests\test_pr_023_phase5_routes.py::TestReconciliationStatusEndpoint::test_get_reconciliation_status_success PASSED [ 51%]
backend\tests\test_pr_023_phase5_routes.py::TestReconciliationStatusEndpoint::test_get_reconciliation_status_without_auth PASSED [ 51%]
backend\tests\test_pr_023_phase5_routes.py::TestReconciliationStatusEndpoint::test_get_reconciliation_status_with_invalid_token PASSED [ 51%]
backend\tests\test_pr_023_phase5_routes.py::TestReconciliationStatusEndpoint::test_reconciliation_status_contains_recent_events PASSED [ 51%]
backend\tests\test_pr_023_phase5_routes.py::TestOpenPositionsEndpoint::test_get_open_positions_success PASSED [ 51%]
backend\tests\test_pr_023_phase5_routes.py::TestOpenPositionsEndpoint::test_get_open_positions_position_structure PASSED [ 51%]
backend\tests\test_pr_023_phase5_routes.py::TestOpenPositionsEndpoint::test_get_open_positions_with_symbol_filter PASSED [ 51%]
backend\tests\test_pr_023_phase5_routes.py::TestOpenPositionsEndpoint::test_get_open_positions_without_auth PASSED [ 51%]
backend\tests\test_pr_023_phase5_routes.py::TestOpenPositionsEndpoint::test_get_open_positions_empty_list PASSED [ 51%]
backend\tests\test_pr_023_phase5_routes.py::TestGuardsStatusEndpoint::test_get_guards_status_success PASSED [ 52%]
backend\tests\test_pr_023_phase5_routes.py::TestGuardsStatusEndpoint::test_get_guards_status_drawdown_guard PASSED [ 52%]
backend\tests\test_pr_023_phase5_routes.py::TestGuardsStatusEndpoint::test_get_guards_status_market_alerts PASSED [ 52%]
backend\tests\test_pr_023_phase5_routes.py::TestGuardsStatusEndpoint::test_get_guards_status_without_auth PASSED [ 52%]
backend\tests\test_pr_023_phase5_routes.py::TestGuardsStatusEndpoint::test_guards_status_composite_decision PASSED [ 52%]
backend\tests\test_pr_023_phase5_routes.py::TestHealthCheckEndpoint::test_trading_health_check_success PASSED [ 52%]
backend\tests\test_pr_023_phase5_routes.py::TestHealthCheckEndpoint::test_trading_health_check_no_auth_required PASSED [ 52%]
backend\tests\test_pr_023_phase5_routes.py::TestIntegration::test_full_trading_status_workflow PASSED [ 52%]
backend\tests\test_pr_023_phase5_routes.py::TestIntegration::test_position_count_consistency PASSED [ 52%]
backend\tests\test_pr_023_phase6_integration.py::TestReconciliationQueryService::test_get_reconciliation_status_healthy_no_data PASSED [ 52%]
backend\tests\test_pr_023_phase6_integration.py::TestReconciliationQueryService::test_get_reconciliation_status_with_matched_positions PASSED [ 52%]
backend\tests\test_pr_023_phase6_integration.py::TestReconciliationQueryService::test_get_reconciliation_status_with_divergences PASSED [ 52%]
backend\tests\test_pr_023_phase6_integration.py::TestReconciliationQueryService::test_get_recent_reconciliation_logs PASSED [ 52%]
backend\tests\test_pr_023_phase6_integration.py::TestPositionQueryService::test_get_open_positions_empty PASSED [ 52%]
backend\tests\test_pr_023_phase6_integration.py::TestPositionQueryService::test_get_open_positions_with_data PASSED [ 53%]
backend\tests\test_pr_023_phase6_integration.py::TestPositionQueryService::test_get_open_positions_with_symbol_filter PASSED [ 53%]
backend\tests\test_pr_023_phase6_integration.py::TestPositionQueryService::test_get_position_by_id PASSED [ 53%]
backend\tests\test_pr_023_phase6_integration.py::TestGuardQueryService::test_get_drawdown_alert_normal PASSED [ 53%]
backend\tests\test_pr_023_phase6_integration.py::TestGuardQueryService::test_get_drawdown_alert_warning PASSED [ 53%]
backend\tests\test_pr_023_phase6_integration.py::TestGuardQueryService::test_get_drawdown_alert_critical PASSED [ 53%]
backend\tests\test_pr_023_phase6_integration.py::TestGuardQueryService::test_get_market_condition_alerts_empty PASSED [ 53%]
backend\tests\test_pr_023_phase6_integration.py::TestGuardQueryService::test_get_market_condition_alerts_with_data FAILED [ 53%]

============================== warnings summary ===============================
backend\app\telegram\schema.py:27
  C:\Users\FCumm\NewTeleBotFinal\backend\app\telegram\schema.py:27: PydanticDeprecatedSince20: Support for class-based `config` is deprecated, use ConfigDict instead. Deprecated in Pydantic V2.0 to be removed in V3.0. See Pydantic V2 Migration Guide at https://errors.pydantic.dev/2.12/migration/
    class TelegramMessage(BaseModel):

backend\app\telegram\schema.py:42
  C:\Users\FCumm\NewTeleBotFinal\backend\app\telegram\schema.py:42: PydanticDeprecatedSince20: Support for class-based `config` is deprecated, use ConfigDict instead. Deprecated in Pydantic V2.0 to be removed in V3.0. See Pydantic V2 Migration Guide at https://errors.pydantic.dev/2.12/migration/
    class TelegramCallback(BaseModel):

backend\app\clients\devices\schema.py:16
  C:\Users\FCumm\NewTeleBotFinal\backend\app\clients\devices\schema.py:16: PydanticDeprecatedSince20: Support for class-based `config` is deprecated, use ConfigDict instead. Deprecated in Pydantic V2.0 to be removed in V3.0. See Pydantic V2 Migration Guide at https://errors.pydantic.dev/2.12/migration/
    class DeviceOut(BaseModel):

backend\app\strategy\fib_rsi\schema.py:80
  C:\Users\FCumm\NewTeleBotFinal\backend\app\strategy\fib_rsi\schema.py:80: PydanticDeprecatedSince20: Pydantic V1 style `@validator` validators are deprecated. You should migrate to Pydantic V2 style `@field_validator` validators, see the migration guide for more details. Deprecated in Pydantic V2.0 to be removed in V3.0. See Pydantic V2 Migration Guide at https://errors.pydantic.dev/2.12/migration/
    @validator("side")

backend\app\strategy\fib_rsi\schema.py:97
  C:\Users\FCumm\NewTeleBotFinal\backend\app\strategy\fib_rsi\schema.py:97: PydanticDeprecatedSince20: Pydantic V1 style `@validator` validators are deprecated. You should migrate to Pydantic V2 style `@field_validator` validators, see the migration guide for more details. Deprecated in Pydantic V2.0 to be removed in V3.0. See Pydantic V2 Migration Guide at https://errors.pydantic.dev/2.12/migration/
    @validator("payload", pre=True, always=True)

backend\app\strategy\fib_rsi\schema.py:113
  C:\Users\FCumm\NewTeleBotFinal\backend\app\strategy\fib_rsi\schema.py:113: PydanticDeprecatedSince20: Pydantic V1 style `@validator` validators are deprecated. You should migrate to Pydantic V2 style `@field_validator` validators, see the migration guide for more details. Deprecated in Pydantic V2.0 to be removed in V3.0. See Pydantic V2 Migration Guide at https://errors.pydantic.dev/2.12/migration/
    @validator("entry_price", "stop_loss", "take_profit")

backend\app\strategy\fib_rsi\schema.py:34
  C:\Users\FCumm\NewTeleBotFinal\backend\app\strategy\fib_rsi\schema.py:34: PydanticDeprecatedSince20: Support for class-based `config` is deprecated, use ConfigDict instead. Deprecated in Pydantic V2.0 to be removed in V3.0. See Pydantic V2 Migration Guide at https://errors.pydantic.dev/2.12/migration/
    class SignalCandidate(BaseModel):

backend\app\strategy\fib_rsi\schema.py:268
  C:\Users\FCumm\NewTeleBotFinal\backend\app\strategy\fib_rsi\schema.py:268: PydanticDeprecatedSince20: Pydantic V1 style `@validator` validators are deprecated. You should migrate to Pydantic V2 style `@field_validator` validators, see the migration guide for more details. Deprecated in Pydantic V2.0 to be removed in V3.0. See Pydantic V2 Migration Guide at https://errors.pydantic.dev/2.12/migration/
    @validator("risk_reward_ratio")

backend\app\strategy\fib_rsi\schema.py:227
  C:\Users\FCumm\NewTeleBotFinal\backend\app\strategy\fib_rsi\schema.py:227: PydanticDeprecatedSince20: Support for class-based `config` is deprecated, use ConfigDict instead. Deprecated in Pydantic V2.0 to be removed in V3.0. See Pydantic V2 Migration Guide at https://errors.pydantic.dev/2.12/migration/
    class ExecutionPlan(BaseModel):

backend\app\trading\orders\schema.py:107
  C:\Users\FCumm\NewTeleBotFinal\backend\app\trading\orders\schema.py:107: PydanticDeprecatedSince20: Pydantic V1 style `@validator` validators are deprecated. You should migrate to Pydantic V2 style `@field_validator` validators, see the migration guide for more details. Deprecated in Pydantic V2.0 to be removed in V3.0. See Pydantic V2 Migration Guide at https://errors.pydantic.dev/2.12/migration/
    @validator("symbol")

backend\app\trading\orders\schema.py:115
  C:\Users\FCumm\NewTeleBotFinal\backend\app\trading\orders\schema.py:115: PydanticDeprecatedSince20: Pydantic V1 style `@validator` validators are deprecated. You should migrate to Pydantic V2 style `@field_validator` validators, see the migration guide for more details. Deprecated in Pydantic V2.0 to be removed in V3.0. See Pydantic V2 Migration Guide at https://errors.pydantic.dev/2.12/migration/
    @validator("order_type")

backend\app\trading\orders\schema.py:123
  C:\Users\FCumm\NewTeleBotFinal\backend\app\trading\orders\schema.py:123: PydanticDeprecatedSince20: Pydantic V1 style `@validator` validators are deprecated. You should migrate to Pydantic V2 style `@field_validator` validators, see the migration guide for more details. Deprecated in Pydantic V2.0 to be removed in V3.0. See Pydantic V2 Migration Guide at https://errors.pydantic.dev/2.12/migration/
    @validator("risk_reward_ratio")

backend\app\trading\orders\schema.py:133
  C:\Users\FCumm\NewTeleBotFinal\backend\app\trading\orders\schema.py:133: PydanticDeprecatedSince20: Pydantic V1 style `@validator` validators are deprecated. You should migrate to Pydantic V2 style `@field_validator` validators, see the migration guide for more details. Deprecated in Pydantic V2.0 to be removed in V3.0. See Pydantic V2 Migration Guide at https://errors.pydantic.dev/2.12/migration/
    @validator("entry_price", "stop_loss", "take_profit", pre=True)

backend\app\trading\orders\schema.py:140
  C:\Users\FCumm\NewTeleBotFinal\backend\app\trading\orders\schema.py:140: PydanticDeprecatedSince20: Pydantic V1 style `@validator` validators are deprecated. You should migrate to Pydantic V2 style `@field_validator` validators, see the migration guide for more details. Deprecated in Pydantic V2.0 to be removed in V3.0. See Pydantic V2 Migration Guide at https://errors.pydantic.dev/2.12/migration/
    @validator("take_profit", always=True)

backend\app\trading\orders\schema.py:147
  C:\Users\FCumm\NewTeleBotFinal\backend\app\trading\orders\schema.py:147: PydanticDeprecatedSince20: Pydantic V1 style `@validator` validators are deprecated. You should migrate to Pydantic V2 style `@field_validator` validators, see the migration guide for more details. Deprecated in Pydantic V2.0 to be removed in V3.0. See Pydantic V2 Migration Guide at https://errors.pydantic.dev/2.12/migration/
    @validator("volume")

backend\app\trading\orders\schema.py:156
  C:\Users\FCumm\NewTeleBotFinal\backend\app\trading\orders\schema.py:156: PydanticDeprecatedSince20: Pydantic V1 style `@validator` validators are deprecated. You should migrate to Pydantic V2 style `@field_validator` validators, see the migration guide for more details. Deprecated in Pydantic V2.0 to be removed in V3.0. See Pydantic V2 Migration Guide at https://errors.pydantic.dev/2.12/migration/
    @validator("expiry_time")

backend\app\trading\orders\schema.py:17
  C:\Users\FCumm\NewTeleBotFinal\backend\app\trading\orders\schema.py:17: PydanticDeprecatedSince20: Support for class-based `config` is deprecated, use ConfigDict instead. Deprecated in Pydantic V2.0 to be removed in V3.0. See Pydantic V2 Migration Guide at https://errors.pydantic.dev/2.12/migration/
    class OrderParams(BaseModel):

backend\app\trading\orders\schema.py:215
  C:\Users\FCumm\NewTeleBotFinal\backend\app\trading\orders\schema.py:215: PydanticDeprecatedSince20: Pydantic V1 style `@validator` validators are deprecated. You should migrate to Pydantic V2 style `@field_validator` validators, see the migration guide for more details. Deprecated in Pydantic V2.0 to be removed in V3.0. See Pydantic V2 Migration Guide at https://errors.pydantic.dev/2.12/migration/
    @validator("symbol")

backend\app\trading\outbound\responses.py:8
  C:\Users\FCumm\NewTeleBotFinal\backend\app\trading\outbound\responses.py:8: PydanticDeprecatedSince20: Support for class-based `config` is deprecated, use ConfigDict instead. Deprecated in Pydantic V2.0 to be removed in V3.0. See Pydantic V2 Migration Guide at https://errors.pydantic.dev/2.12/migration/
    class SignalIngestResponse(BaseModel):

.venv\Lib\site-packages\locust\__init__.py:16
  C:\Users\FCumm\NewTeleBotFinal\.venv\Lib\site-packages\locust\__init__.py:16: MonkeyPatchWarning: Monkey-patching ssl after ssl has already been imported may lead to errors, including RecursionError on Python 3.6. It may also silently lead to incorrect behaviour on Python 3.7. Please monkey-patch earlier. See https://github.com/gevent/gevent/issues/1016. Modules that had direct imports (NOT patched): ['anyio.streams.tls (C:\\Users\\FCumm\\NewTeleBotFinal\\.venv\\Lib\\site-packages\\anyio\\streams\\tls.py)', 'redis.asyncio.connection (C:\\Users\\FCumm\\NewTeleBotFinal\\.venv\\Lib\\site-packages\\redis\\asyncio\\connection.py)', 'jwt.jwks_client (C:\\Users\\FCumm\\NewTeleBotFinal\\.venv\\Lib\\site-packages\\jwt\\jwks_client.py)']. 
    monkey.patch_all()

backend\app\signals\schema.py:61
  C:\Users\FCumm\NewTeleBotFinal\backend\app\signals\schema.py:61: PydanticDeprecatedSince20: Pydantic V1 style `@validator` validators are deprecated. You should migrate to Pydantic V2 style `@field_validator` validators, see the migration guide for more details. Deprecated in Pydantic V2.0 to be removed in V3.0. See Pydantic V2 Migration Guide at https://errors.pydantic.dev/2.12/migration/
    @validator("instrument")

backend\app\signals\schema.py:81
  C:\Users\FCumm\NewTeleBotFinal\backend\app\signals\schema.py:81: PydanticDeprecatedSince20: Pydantic V1 style `@validator` validators are deprecated. You should migrate to Pydantic V2 style `@field_validator` validators, see the migration guide for more details. Deprecated in Pydantic V2.0 to be removed in V3.0. See Pydantic V2 Migration Guide at https://errors.pydantic.dev/2.12/migration/
    @validator("payload")

backend\app\signals\schema.py:21
  C:\Users\FCumm\NewTeleBotFinal\backend\app\signals\schema.py:21: PydanticDeprecatedSince20: Support for class-based `config` is deprecated, use ConfigDict instead. Deprecated in Pydantic V2.0 to be removed in V3.0. See Pydantic V2 Migration Guide at https://errors.pydantic.dev/2.12/migration/
    class SignalCreate(BaseModel):

backend\app\signals\schema.py:108
  C:\Users\FCumm\NewTeleBotFinal\backend\app\signals\schema.py:108: PydanticDeprecatedSince20: Support for class-based `config` is deprecated, use ConfigDict instead. Deprecated in Pydantic V2.0 to be removed in V3.0. See Pydantic V2 Migration Guide at https://errors.pydantic.dev/2.12/migration/
    class SignalOut(BaseModel):

.venv\Lib\site-packages\pydantic\_internal\_generate_schema.py:319
.venv\Lib\site-packages\pydantic\_internal\_generate_schema.py:319
.venv\Lib\site-packages\pydantic\_internal\_generate_schema.py:319
  C:\Users\FCumm\NewTeleBotFinal\.venv\Lib\site-packages\pydantic\_internal\_generate_schema.py:319: PydanticDeprecatedSince20: `json_encoders` is deprecated. See https://docs.pydantic.dev/2.12/concepts/serialization/#custom-serializers for alternatives. Deprecated in Pydantic V2.0 to be removed in V3.0. See Pydantic V2 Migration Guide at https://errors.pydantic.dev/2.12/migration/
    warnings.warn(

backend\app\trading\schemas.py:74
  C:\Users\FCumm\NewTeleBotFinal\backend\app\trading\schemas.py:74: PydanticDeprecatedSince20: Support for class-based `config` is deprecated, use ConfigDict instead. Deprecated in Pydantic V2.0 to be removed in V3.0. See Pydantic V2 Migration Guide at https://errors.pydantic.dev/2.12/migration/
    class ReconciliationEventOut(BaseModel):

backend\app\trading\schemas.py:101
  C:\Users\FCumm\NewTeleBotFinal\backend\app\trading\schemas.py:101: PydanticDeprecatedSince20: Support for class-based `config` is deprecated, use ConfigDict instead. Deprecated in Pydantic V2.0 to be removed in V3.0. See Pydantic V2 Migration Guide at https://errors.pydantic.dev/2.12/migration/
    class ReconciliationStatusOut(BaseModel):

backend\app\trading\schemas.py:151
  C:\Users\FCumm\NewTeleBotFinal\backend\app\trading\schemas.py:151: PydanticDeprecatedSince20: Support for class-based `config` is deprecated, use ConfigDict instead. Deprecated in Pydantic V2.0 to be removed in V3.0. See Pydantic V2 Migration Guide at https://errors.pydantic.dev/2.12/migration/
    class PositionOut(BaseModel):

backend\app\trading\schemas.py:194
  C:\Users\FCumm\NewTeleBotFinal\backend\app\trading\schemas.py:194: PydanticDeprecatedSince20: Support for class-based `config` is deprecated, use ConfigDict instead. Deprecated in Pydantic V2.0 to be removed in V3.0. See Pydantic V2 Migration Guide at https://errors.pydantic.dev/2.12/migration/
    class PositionsListOut(BaseModel):

backend\app\trading\schemas.py:228
  C:\Users\FCumm\NewTeleBotFinal\backend\app\trading\schemas.py:228: PydanticDeprecatedSince20: Support for class-based `config` is deprecated, use ConfigDict instead. Deprecated in Pydantic V2.0 to be removed in V3.0. See Pydantic V2 Migration Guide at https://errors.pydantic.dev/2.12/migration/
    class DrawdownAlertOut(BaseModel):

backend\app\trading\schemas.py:265
  C:\Users\FCumm\NewTeleBotFinal\backend\app\trading\schemas.py:265: PydanticDeprecatedSince20: Support for class-based `config` is deprecated, use ConfigDict instead. Deprecated in Pydantic V2.0 to be removed in V3.0. See Pydantic V2 Migration Guide at https://errors.pydantic.dev/2.12/migration/
    class MarketConditionAlertOut(BaseModel):

backend\app\trading\schemas.py:304
  C:\Users\FCumm\NewTeleBotFinal\backend\app\trading\schemas.py:304: PydanticDeprecatedSince20: Support for class-based `config` is deprecated, use ConfigDict instead. Deprecated in Pydantic V2.0 to be removed in V3.0. See Pydantic V2 Migration Guide at https://errors.pydantic.dev/2.12/migration/
    class GuardsStatusOut(BaseModel):

backend\app\trading\schemas.py:340
  C:\Users\FCumm\NewTeleBotFinal\backend\app\trading\schemas.py:340: PydanticDeprecatedSince20: Support for class-based `config` is deprecated, use ConfigDict instead. Deprecated in Pydantic V2.0 to be removed in V3.0. See Pydantic V2 Migration Guide at https://errors.pydantic.dev/2.12/migration/
    class ErrorDetail(BaseModel):

backend\app\trading\schemas.py:357
  C:\Users\FCumm\NewTeleBotFinal\backend\app\trading\schemas.py:357: PydanticDeprecatedSince20: Support for class-based `config` is deprecated, use ConfigDict instead. Deprecated in Pydantic V2.0 to be removed in V3.0. See Pydantic V2 Migration Guide at https://errors.pydantic.dev/2.12/migration/
    class ErrorResponse(BaseModel):

backend\app\affiliates\schema.py:8
  C:\Users\FCumm\NewTeleBotFinal\backend\app\affiliates\schema.py:8: PydanticDeprecatedSince20: Support for class-based `config` is deprecated, use ConfigDict instead. Deprecated in Pydantic V2.0 to be removed in V3.0. See Pydantic V2 Migration Guide at https://errors.pydantic.dev/2.12/migration/
    class AffiliateOut(BaseModel):

backend\app\affiliates\schema.py:27
  C:\Users\FCumm\NewTeleBotFinal\backend\app\affiliates\schema.py:27: PydanticDeprecatedSince20: Support for class-based `config` is deprecated, use ConfigDict instead. Deprecated in Pydantic V2.0 to be removed in V3.0. See Pydantic V2 Migration Guide at https://errors.pydantic.dev/2.12/migration/
    class ReferralOut(BaseModel):

backend\app\affiliates\schema.py:43
  C:\Users\FCumm\NewTeleBotFinal\backend\app\affiliates\schema.py:43: PydanticDeprecatedSince20: Support for class-based `config` is deprecated, use ConfigDict instead. Deprecated in Pydantic V2.0 to be removed in V3.0. See Pydantic V2 Migration Guide at https://errors.pydantic.dev/2.12/migration/
    class CommissionOut(BaseModel):

backend\app\affiliates\schema.py:69
  C:\Users\FCumm\NewTeleBotFinal\backend\app\affiliates\schema.py:69: PydanticDeprecatedSince20: Support for class-based `config` is deprecated, use ConfigDict instead. Deprecated in Pydantic V2.0 to be removed in V3.0. See Pydantic V2 Migration Guide at https://errors.pydantic.dev/2.12/migration/
    class PayoutOut(BaseModel):

backend\app\approvals\schema.py:21
  C:\Users\FCumm\NewTeleBotFinal\backend\app\approvals\schema.py:21: PydanticDeprecatedSince20: Support for class-based `config` is deprecated, use ConfigDict instead. Deprecated in Pydantic V2.0 to be removed in V3.0. See Pydantic V2 Migration Guide at https://errors.pydantic.dev/2.12/migration/
    class ApprovalOut(BaseModel):

backend\app\ea\schemas.py:16
  C:\Users\FCumm\NewTeleBotFinal\backend\app\ea\schemas.py:16: PydanticDeprecatedSince20: Support for class-based `config` is deprecated, use ConfigDict instead. Deprecated in Pydantic V2.0 to be removed in V3.0. See Pydantic V2 Migration Guide at https://errors.pydantic.dev/2.12/migration/
    class ExecutionParamsOut(BaseModel):

backend\app\ea\schemas.py:37
  C:\Users\FCumm\NewTeleBotFinal\backend\app\ea\schemas.py:37: PydanticDeprecatedSince20: Support for class-based `config` is deprecated, use ConfigDict instead. Deprecated in Pydantic V2.0 to be removed in V3.0. See Pydantic V2 Migration Guide at https://errors.pydantic.dev/2.12/migration/
    class ApprovedSignalOut(BaseModel):

backend\app\ea\schemas.py:81
  C:\Users\FCumm\NewTeleBotFinal\backend\app\ea\schemas.py:81: PydanticDeprecatedSince20: Pydantic V1 style `@validator` validators are deprecated. You should migrate to Pydantic V2 style `@field_validator` validators, see the migration guide for more details. Deprecated in Pydantic V2.0 to be removed in V3.0. See Pydantic V2 Migration Guide at https://errors.pydantic.dev/2.12/migration/
    @validator("count")

backend\app\ea\schemas.py:69
  C:\Users\FCumm\NewTeleBotFinal\backend\app\ea\schemas.py:69: PydanticDeprecatedSince20: Support for class-based `config` is deprecated, use ConfigDict instead. Deprecated in Pydantic V2.0 to be removed in V3.0. See Pydantic V2 Migration Guide at https://errors.pydantic.dev/2.12/migration/
    class PollResponse(BaseModel):

backend\app\ea\schemas.py:127
  C:\Users\FCumm\NewTeleBotFinal\backend\app\ea\schemas.py:127: PydanticDeprecatedSince20: Pydantic V1 style `@validator` validators are deprecated. You should migrate to Pydantic V2 style `@field_validator` validators, see the migration guide for more details. Deprecated in Pydantic V2.0 to be removed in V3.0. See Pydantic V2 Migration Guide at https://errors.pydantic.dev/2.12/migration/
    @validator("error")

backend\app\ea\schemas.py:133
  C:\Users\FCumm\NewTeleBotFinal\backend\app\ea\schemas.py:133: PydanticDeprecatedSince20: Pydantic V1 style `@validator` validators are deprecated. You should migrate to Pydantic V2 style `@field_validator` validators, see the migration guide for more details. Deprecated in Pydantic V2.0 to be removed in V3.0. See Pydantic V2 Migration Guide at https://errors.pydantic.dev/2.12/migration/
    @validator("broker_ticket")

backend\app\ea\schemas.py:113
  C:\Users\FCumm\NewTeleBotFinal\backend\app\ea\schemas.py:113: PydanticDeprecatedSince20: Support for class-based `config` is deprecated, use ConfigDict instead. Deprecated in Pydantic V2.0 to be removed in V3.0. See Pydantic V2 Migration Guide at https://errors.pydantic.dev/2.12/migration/
    class AckRequest(BaseModel):

backend\app\ea\schemas.py:150
  C:\Users\FCumm\NewTeleBotFinal\backend\app\ea\schemas.py:150: PydanticDeprecatedSince20: Support for class-based `config` is deprecated, use ConfigDict instead. Deprecated in Pydantic V2.0 to be removed in V3.0. See Pydantic V2 Migration Guide at https://errors.pydantic.dev/2.12/migration/
    class AckResponse(BaseModel):

backend\app\ea\schemas.py:170
  C:\Users\FCumm\NewTeleBotFinal\backend\app\ea\schemas.py:170: PydanticDeprecatedSince20: Support for class-based `config` is deprecated, use ConfigDict instead. Deprecated in Pydantic V2.0 to be removed in V3.0. See Pydantic V2 Migration Guide at https://errors.pydantic.dev/2.12/migration/
    class ExecutionOut(BaseModel):

backend\app\ea\schemas.py:186
  C:\Users\FCumm\NewTeleBotFinal\backend\app\ea\schemas.py:186: PydanticDeprecatedSince20: Support for class-based `config` is deprecated, use ConfigDict instead. Deprecated in Pydantic V2.0 to be removed in V3.0. See Pydantic V2 Migration Guide at https://errors.pydantic.dev/2.12/migration/
    class AggregateExecutionStatus(BaseModel):

tests/marketing/test_scheduler.py::TestClicksStore::test_log_click_success
  C:\Users\FCumm\NewTeleBotFinal\backend\app\clients\exec\schema.py:34: PydanticDeprecatedSince20: Support for class-based `config` is deprecated, use ConfigDict instead. Deprecated in Pydantic V2.0 to be removed in V3.0. See Pydantic V2 Migration Guide at https://errors.pydantic.dev/2.12/migration/
    class ExecutionRecordOut(BaseModel):

tests/telegram/test_scheduler.py::TestErrorHandling::test_start_error_handling
  tests\telegram\test_scheduler.py:351: PytestWarning: The test <Function test_start_error_handling> is marked with '@pytest.mark.asyncio' but it is not an async function. Please remove the asyncio mark. If the test is not marked explicitly, check for global marks applied via 'pytestmark'.
    def test_start_error_handling(self):

tests/telegram/test_scheduler.py::TestErrorHandling::test_stop_error_handling
  tests\telegram\test_scheduler.py:363: PytestWarning: The test <Function test_stop_error_handling> is marked with '@pytest.mark.asyncio' but it is not an async function. Please remove the asyncio mark. If the test is not marked explicitly, check for global marks applied via 'pytestmark'.
    def test_stop_error_handling(self):

tests/test_auth.py::TestPasswordHashing::test_hash_password_creates_hash
  C:\Users\FCumm\NewTeleBotFinal\.venv\Lib\site-packages\passlib\handlers\argon2.py:716: DeprecationWarning: Accessing argon2.__version__ is deprecated and will be removed in a future release. Use importlib.metadata directly to query for argon2-cffi's packaging metadata.
    _argon2_cffi.__version__, max_version)

tests/test_auth.py::TestRegisterEndpoint::test_register_invalid_email
tests/test_auth.py::TestRegisterEndpoint::test_register_weak_password
tests/test_ea_device_auth_security.py::TestMissingHeaders::test_poll_rejects_missing_device_id
tests/test_ea_device_auth_security.py::TestMissingHeaders::test_poll_rejects_missing_signature
tests/test_ea_device_auth_security.py::TestMissingHeaders::test_ack_rejects_missing_headers
tests/test_errors.py::TestErrorResponses::test_validation_error_response
  C:\Users\FCumm\NewTeleBotFinal\.venv\Lib\site-packages\anyio\_backends\_asyncio.py:976: DeprecationWarning: 'HTTP_422_UNPROCESSABLE_ENTITY' is deprecated. Use 'HTTP_422_UNPROCESSABLE_CONTENT' instead.
    result = context.run(func, *args)

tests/test_drawdown_guard.py::TestDrawdownCalculation::test_calculate_drawdown_0_percent
  C:\Users\FCumm\NewTeleBotFinal\backend\tests\test_drawdown_guard.py:79: RuntimeWarning: coroutine 'AsyncMockMixin._execute_mock_call' was never awaited
    state = guard._calculate_drawdown(
  Enable tracemalloc to get traceback where the object was allocated.
  See https://docs.pytest.org/en/stable/how-to/capture-warnings.html#resource-warnings for more info.

tests/test_drawdown_guard.py::TestDrawdownCalculation::test_calculate_drawdown_20_percent
  C:\Users\FCumm\NewTeleBotFinal\backend\tests\test_drawdown_guard.py:97: RuntimeWarning: coroutine 'AsyncMockMixin._execute_mock_call' was never awaited
    state = guard._calculate_drawdown(
  Enable tracemalloc to get traceback where the object was allocated.
  See https://docs.pytest.org/en/stable/how-to/capture-warnings.html#resource-warnings for more info.

tests/test_drawdown_guard.py::TestDrawdownCalculation::test_calculate_drawdown_50_percent
  C:\Users\FCumm\NewTeleBotFinal\backend\tests\test_drawdown_guard.py:114: RuntimeWarning: coroutine 'AsyncMockMixin._execute_mock_call' was never awaited
    state = guard._calculate_drawdown(
  Enable tracemalloc to get traceback where the object was allocated.
  See https://docs.pytest.org/en/stable/how-to/capture-warnings.html#resource-warnings for more info.

tests/test_drawdown_guard.py::TestDrawdownCalculation::test_calculate_drawdown_100_percent
  C:\Users\FCumm\NewTeleBotFinal\backend\tests\test_drawdown_guard.py:131: RuntimeWarning: coroutine 'AsyncMockMixin._execute_mock_call' was never awaited
    state = guard._calculate_drawdown(
  Enable tracemalloc to get traceback where the object was allocated.
  See https://docs.pytest.org/en/stable/how-to/capture-warnings.html#resource-warnings for more info.

tests/test_drawdown_guard.py::TestDrawdownCalculation::test_calculate_drawdown_capped_at_100
  C:\Users\FCumm\NewTeleBotFinal\backend\tests\test_drawdown_guard.py:148: RuntimeWarning: coroutine 'AsyncMockMixin._execute_mock_call' was never awaited
    state = guard._calculate_drawdown(
  Enable tracemalloc to get traceback where the object was allocated.
  See https://docs.pytest.org/en/stable/how-to/capture-warnings.html#resource-warnings for more info.

tests/test_drawdown_guard.py::TestDrawdownThresholdChecking::test_should_close_positions_at_threshold
  C:\Users\FCumm\NewTeleBotFinal\backend\tests\test_drawdown_guard.py:184: RuntimeWarning: coroutine 'AsyncMockMixin._execute_mock_call' was never awaited
    state = guard._calculate_drawdown(
  Enable tracemalloc to get traceback where the object was allocated.
  See https://docs.pytest.org/en/stable/how-to/capture-warnings.html#resource-warnings for more info.

tests/test_drawdown_guard.py::TestDrawdownThresholdChecking::test_should_close_positions_above_threshold
  C:\Users\FCumm\NewTeleBotFinal\backend\tests\test_drawdown_guard.py:200: RuntimeWarning: coroutine 'AsyncMockMixin._execute_mock_call' was never awaited
    state = guard._calculate_drawdown(
  Enable tracemalloc to get traceback where the object was allocated.
  See https://docs.pytest.org/en/stable/how-to/capture-warnings.html#resource-warnings for more info.

tests/test_drawdown_guard.py::TestDrawdownThresholdChecking::test_should_not_close_positions_below_threshold
  C:\Users\FCumm\NewTeleBotFinal\backend\tests\test_drawdown_guard.py:216: RuntimeWarning: coroutine 'AsyncMockMixin._execute_mock_call' was never awaited
    state = guard._calculate_drawdown(
  Enable tracemalloc to get traceback where the object was allocated.
  See https://docs.pytest.org/en/stable/how-to/capture-warnings.html#resource-warnings for more info.

tests/test_drawdown_guard.py::TestDrawdownThresholdChecking::test_custom_threshold_10_percent
  C:\Users\FCumm\NewTeleBotFinal\backend\tests\test_drawdown_guard.py:234: RuntimeWarning: coroutine 'AsyncMockMixin._execute_mock_call' was never awaited
    state = guard._calculate_drawdown(
  Enable tracemalloc to get traceback where the object was allocated.
  See https://docs.pytest.org/en/stable/how-to/capture-warnings.html#resource-warnings for more info.

tests/test_drawdown_guard.py::TestCheckAndEnforce::test_check_and_enforce_initializes_entry_equity
tests/test_drawdown_guard.py::TestCheckAndEnforce::test_check_and_enforce_returns_state
tests/test_drawdown_guard.py::TestRecoveryTracking::test_track_drawdown_change
tests/test_drawdown_guard.py::TestRecoveryTracking::test_full_recovery
  C:\Users\FCumm\NewTeleBotFinal\backend\app\trading\runtime\drawdown.py:202: RuntimeWarning: coroutine 'AsyncMockMixin._execute_mock_call' was never awaited
    drawdown_state = self._calculate_drawdown(
  Enable tracemalloc to get traceback where the object was allocated.
  See https://docs.pytest.org/en/stable/how-to/capture-warnings.html#resource-warnings for more info.

tests/test_drawdown_guard.py::TestCheckAndEnforce::test_check_and_enforce_handles_error
  C:\Users\FCumm\NewTeleBotFinal\backend\tests\test_drawdown_guard.py:296: RuntimeWarning: coroutine 'AsyncMockMixin._execute_mock_call' was never awaited
    state = await guard.check_and_enforce(mt5_client=mt5, order_service=orders)
  Enable tracemalloc to get traceback where the object was allocated.
  See https://docs.pytest.org/en/stable/how-to/capture-warnings.html#resource-warnings for more info.

tests/test_drawdown_guard.py::TestCheckAndEnforce::test_check_and_enforce_handles_error
tests/test_drawdown_guard.py::TestAlertTriggering::test_alert_service_called_on_cap
  C:\Users\FCumm\AppData\Local\Programs\Python\Python311\Lib\asyncio\events.py:84: RuntimeWarning: coroutine 'AsyncMockMixin._execute_mock_call' was never awaited
    self._context.run(self._callback, *self._args)
  Enable tracemalloc to get traceback where the object was allocated.
  See https://docs.pytest.org/en/stable/how-to/capture-warnings.html#resource-warnings for more info.

tests/test_drawdown_guard.py::TestAlertTriggering::test_alert_service_called_on_cap
  C:\Users\FCumm\NewTeleBotFinal\backend\tests\test_drawdown_guard.py:323: RuntimeWarning: coroutine 'AsyncMockMixin._execute_mock_call' was never awaited
    await guard.check_and_enforce(mt5_client=mt5, order_service=orders)
  Enable tracemalloc to get traceback where the object was allocated.
  See https://docs.pytest.org/en/stable/how-to/capture-warnings.html#resource-warnings for more info.

tests/test_errors.py::TestAPIExceptions::test_validation_error
  C:\Users\FCumm\NewTeleBotFinal\backend\tests\test_errors.py:82: DeprecationWarning: 'HTTP_422_UNPROCESSABLE_ENTITY' is deprecated. Use 'HTTP_422_UNPROCESSABLE_CONTENT' instead.
    exc = APIValidationError(

tests/test_fib_rsi_strategy.py: 16 warnings
tests/test_fib_rsi_strategy_phase4.py: 5 warnings
  C:\Users\FCumm\NewTeleBotFinal\backend\app\strategy\fib_rsi\engine.py:162: RuntimeWarning: coroutine 'AsyncMockMixin._execute_mock_call' was never awaited
    is_open = await self._check_market_hours(instrument, current_time)
  Enable tracemalloc to get traceback where the object was allocated.
  See https://docs.pytest.org/en/stable/how-to/capture-warnings.html#resource-warnings for more info.

tests/test_fib_rsi_strategy_phase4.py: 16 warnings
tests/test_fib_rsi_strategy_phase5_verification.py: 10 warnings
  C:\Users\FCumm\NewTeleBotFinal\backend\app\strategy\fib_rsi\pattern_detector.py:106: UserWarning: Boolean Series key will be reindexed to match DataFrame index.
    rsi_high_period = window.loc[window.index[i] :][

tests/test_fib_rsi_strategy_phase4.py: 14 warnings
tests/test_fib_rsi_strategy_phase5_verification.py: 10 warnings
  C:\Users\FCumm\NewTeleBotFinal\backend\app\strategy\fib_rsi\pattern_detector.py:143: UserWarning: Boolean Series key will be reindexed to match DataFrame index.
    rsi_low_period = window.loc[window.index[rsi_low_end_idx] :][

tests/test_fib_rsi_strategy_phase4.py: 8 warnings
tests/test_fib_rsi_strategy_phase5_verification.py: 9 warnings
  C:\Users\FCumm\NewTeleBotFinal\backend\app\strategy\fib_rsi\pattern_detector.py:252: UserWarning: Boolean Series key will be reindexed to match DataFrame index.
    rsi_low_period = window.loc[window.index[i] :][

tests/test_fib_rsi_strategy_phase4.py: 6 warnings
tests/test_fib_rsi_strategy_phase5_verification.py: 9 warnings
  C:\Users\FCumm\NewTeleBotFinal\backend\app\strategy\fib_rsi\pattern_detector.py:291: UserWarning: Boolean Series key will be reindexed to match DataFrame index.
    rsi_high_period = window.loc[window.index[rsi_high_end_idx] :][

tests/test_pr_019_complete.py::TestHeartbeatManager::test_heartbeat_background_task_emits_periodically
  C:\Users\FCumm\NewTeleBotFinal\backend\app\trading\runtime\heartbeat.py:225: RuntimeWarning: coroutine 'TestHeartbeatManager.test_heartbeat_background_task_emits_periodically.<locals>.metrics_provider' was never awaited
    metrics = metrics_provider()
  Enable tracemalloc to get traceback where the object was allocated.
  See https://docs.pytest.org/en/stable/how-to/capture-warnings.html#resource-warnings for more info.

tests/test_pr_019_complete.py::TestHeartbeatManager::test_heartbeat_background_task_emits_periodically
  C:\Users\FCumm\AppData\Local\Programs\Python\Python311\Lib\asyncio\events.py:84: RuntimeWarning: coroutine 'TestHeartbeatManager.test_heartbeat_background_task_emits_periodically.<locals>.metrics_provider' was never awaited
    self._context.run(self._callback, *self._args)
  Enable tracemalloc to get traceback where the object was allocated.
  See https://docs.pytest.org/en/stable/how-to/capture-warnings.html#resource-warnings for more info.

tests/test_pr_021_signals.py::TestSignalSettings::test_signals_settings_exist
  tests\test_pr_021_signals.py:198: PytestWarning: The test <Function test_signals_settings_exist> is marked with '@pytest.mark.asyncio' but it is not an async function. Please remove the asyncio mark. If the test is not marked explicitly, check for global marks applied via 'pytestmark'.
    def test_signals_settings_exist(self):

tests/test_pr_023_phase5_routes.py::TestReconciliationStatusEndpoint::test_get_reconciliation_status_success
tests/test_pr_023_phase5_routes.py::TestReconciliationStatusEndpoint::test_reconciliation_status_contains_recent_events
tests/test_pr_023_phase5_routes.py::TestIntegration::test_full_trading_status_workflow
tests/test_pr_023_phase5_routes.py::TestIntegration::test_position_count_consistency
  C:\Users\FCumm\NewTeleBotFinal\backend\app\trading\routes.py:128: PydanticDeprecatedSince20: The `dict` method is deprecated; use `model_dump` instead. Deprecated in Pydantic V2.0 to be removed in V3.0. See Pydantic V2 Migration Guide at https://errors.pydantic.dev/2.12/migration/
    await set_cached(cache_key, status.dict(), ttl_seconds=5)

tests/test_pr_023_phase5_routes.py::TestOpenPositionsEndpoint::test_get_open_positions_success
tests/test_pr_023_phase5_routes.py::TestOpenPositionsEndpoint::test_get_open_positions_position_structure
tests/test_pr_023_phase5_routes.py::TestOpenPositionsEndpoint::test_get_open_positions_with_symbol_filter
tests/test_pr_023_phase5_routes.py::TestOpenPositionsEndpoint::test_get_open_positions_empty_list
tests/test_pr_023_phase5_routes.py::TestOpenPositionsEndpoint::test_get_open_positions_empty_list
tests/test_pr_023_phase5_routes.py::TestIntegration::test_full_trading_status_workflow
tests/test_pr_023_phase5_routes.py::TestIntegration::test_position_count_consistency
  C:\Users\FCumm\NewTeleBotFinal\backend\app\trading\routes.py:235: PydanticDeprecatedSince20: The `dict` method is deprecated; use `model_dump` instead. Deprecated in Pydantic V2.0 to be removed in V3.0. See Pydantic V2 Migration Guide at https://errors.pydantic.dev/2.12/migration/
    await set_cached(cache_key, result.dict(), ttl_seconds=5)

tests/test_pr_023_phase5_routes.py::TestGuardsStatusEndpoint::test_get_guards_status_success
tests/test_pr_023_phase5_routes.py::TestGuardsStatusEndpoint::test_get_guards_status_drawdown_guard
tests/test_pr_023_phase5_routes.py::TestGuardsStatusEndpoint::test_get_guards_status_market_alerts
tests/test_pr_023_phase5_routes.py::TestGuardsStatusEndpoint::test_guards_status_composite_decision
tests/test_pr_023_phase5_routes.py::TestIntegration::test_full_trading_status_workflow
  C:\Users\FCumm\NewTeleBotFinal\backend\app\trading\routes.py:345: PydanticDeprecatedSince20: The `dict` method is deprecated; use `model_dump` instead. Deprecated in Pydantic V2.0 to be removed in V3.0. See Pydantic V2 Migration Guide at https://errors.pydantic.dev/2.12/migration/
    await set_cached(cache_key, result.dict(), ttl_seconds=5)

-- Docs: https://docs.pytest.org/en/stable/how-to/capture-warnings.html
============================ slowest 15 durations =============================
2.51s call     tests/test_pr_019_complete.py::TestHeartbeatManager::test_heartbeat_background_task_emits_periodically
0.38s setup    tests/test_auth.py::TestRegisterEndpoint::test_register_valid
0.34s call     tests/test_outbound_client.py::TestHmacClientContextManager::test_client_context_manager
0.31s setup    tests/test_pr_023_phase5_routes.py::TestOpenPositionsEndpoint::test_get_open_positions_success
0.30s setup    tests/marketing/test_scheduler.py::TestClicksStore::test_log_click_success
0.28s setup    tests/test_pr_023_phase5_routes.py::TestReconciliationStatusEndpoint::test_get_reconciliation_status_success
0.28s call     tests/test_outbound_client.py::TestHmacClientContextManager::test_client_closes_session
0.28s setup    tests/test_pr_023_phase5_routes.py::TestReconciliationStatusEndpoint::test_reconciliation_status_contains_recent_events
0.28s setup    tests/test_pr_023_phase5_routes.py::TestIntegration::test_full_trading_status_workflow
0.28s setup    tests/test_pr_023_phase5_routes.py::TestOpenPositionsEndpoint::test_get_open_positions_empty_list
0.28s setup    tests/test_pr_023_phase5_routes.py::TestGuardsStatusEndpoint::test_get_guards_status_drawdown_guard
0.28s setup    tests/test_pr_023_phase5_routes.py::TestGuardsStatusEndpoint::test_guards_status_composite_decision
0.28s setup    tests/test_pr_023_phase5_routes.py::TestIntegration::test_position_count_consistency
0.28s setup    tests/test_pr_023_phase5_routes.py::TestGuardsStatusEndpoint::test_get_guards_status_market_alerts
0.27s setup    tests/test_pr_023_phase5_routes.py::TestGuardsStatusEndpoint::test_get_guards_status_success
=========================== short test summary info ===========================
FAILED backend\tests\test_pr_023_phase6_integration.py::TestGuardQueryService::test_get_market_condition_alerts_with_data
!!!!!!!!!!!!!!!!!!!!!!!!!! stopping after 1 failures !!!!!!!!!!!!!!!!!!!!!!!!!!
=========== 1 failed, 734 passed, 6 skipped, 201 warnings in 35.19s ===========
